Archive member included to satisfy reference by file (symbol)

c:/intelfpga/17.1/nios2eds/bin/gnu/h-x86_64-mingw32/bin/../lib/gcc/nios2-elf/5.3.0/../../../../../H-x86_64-mingw32/nios2-elf/lib/mno-hw-mul\libsmallc.a(lib_a-memset.o)
                              obj/default/hello_world_small.o (memset)
../FinalProject_bsp/\libhal_bsp.a(alt_getchar.o)
                              obj/default/hello_world_small.o (alt_getchar)
../FinalProject_bsp/\libhal_bsp.a(alt_load.o)
                              ../FinalProject_bsp//obj/HAL/src/crt0.o (alt_load)
../FinalProject_bsp/\libhal_bsp.a(alt_main.o)
                              ../FinalProject_bsp//obj/HAL/src/crt0.o (alt_main)
../FinalProject_bsp/\libhal_bsp.a(alt_printf.o)
                              obj/default/hello_world_small.o (alt_printf)
../FinalProject_bsp/\libhal_bsp.a(alt_putchar.o)
                              ../FinalProject_bsp/\libhal_bsp.a(alt_printf.o) (alt_putchar)
../FinalProject_bsp/\libhal_bsp.a(alt_putstr.o)
                              obj/default/hello_world_small.o (alt_putstr)
../FinalProject_bsp/\libhal_bsp.a(alt_usleep.o)
                              obj/default/hello_world_small.o (usleep)
../FinalProject_bsp/\libhal_bsp.a(alt_sys_init.o)
                              ../FinalProject_bsp/\libhal_bsp.a(alt_main.o) (alt_irq_init)
../FinalProject_bsp/\libhal_bsp.a(altera_avalon_jtag_uart_read.o)
                              ../FinalProject_bsp/\libhal_bsp.a(alt_getchar.o) (altera_avalon_jtag_uart_read)
../FinalProject_bsp/\libhal_bsp.a(altera_avalon_jtag_uart_write.o)
                              ../FinalProject_bsp/\libhal_bsp.a(alt_putchar.o) (altera_avalon_jtag_uart_write)
../FinalProject_bsp/\libhal_bsp.a(alt_busy_sleep.o)
                              ../FinalProject_bsp/\libhal_bsp.a(alt_usleep.o) (alt_busy_sleep)
../FinalProject_bsp/\libhal_bsp.a(alt_dcache_flush_all.o)
                              ../FinalProject_bsp/\libhal_bsp.a(alt_load.o) (alt_dcache_flush_all)
../FinalProject_bsp/\libhal_bsp.a(alt_dev.o)
                              ../FinalProject_bsp/\libhal_bsp.a(alt_getchar.o) (alt_fd_list)
../FinalProject_bsp/\libhal_bsp.a(alt_icache_flush_all.o)
                              ../FinalProject_bsp/\libhal_bsp.a(alt_load.o) (alt_icache_flush_all)
../FinalProject_bsp/\libhal_bsp.a(altera_nios2_gen2_irq.o)
                              ../FinalProject_bsp/\libhal_bsp.a(alt_sys_init.o) (altera_nios2_gen2_irq_init)
c:/intelfpga/17.1/nios2eds/bin/gnu/h-x86_64-mingw32/bin/../lib/gcc/nios2-elf/5.3.0/../../../../../H-x86_64-mingw32/nios2-elf/lib/mno-hw-mul\libsmallc.a(lib_a-strlen.o)
                              ../FinalProject_bsp/\libhal_bsp.a(alt_putstr.o) (strlen)
c:/intelfpga/17.1/nios2eds/bin/gnu/h-x86_64-mingw32/bin/../lib/gcc/nios2-elf/5.3.0/mno-hw-mul\libgcc.a(lib2-divmod.o)
                              ../FinalProject_bsp/\libhal_bsp.a(alt_busy_sleep.o) (__udivsi3)
c:/intelfpga/17.1/nios2eds/bin/gnu/h-x86_64-mingw32/bin/../lib/gcc/nios2-elf/5.3.0/mno-hw-mul\libgcc.a(lib2-mul.o)
                              ../FinalProject_bsp/\libhal_bsp.a(alt_busy_sleep.o) (__mulsi3)

Memory Configuration

Name             Origin             Length             Attributes
reset            0x0000000000008000 0x0000000000000020
onchip_memory2_0 0x0000000000008020 0x0000000000007fe0
*default*        0x0000000000000000 0xffffffffffffffff

Linker script and memory map

LOAD ../FinalProject_bsp//obj/HAL/src/crt0.o
LOAD obj/default/hello_world_small.o
LOAD c:/intelfpga/17.1/nios2eds/bin/gnu/h-x86_64-mingw32/bin/../lib/gcc/nios2-elf/5.3.0/../../../../../H-x86_64-mingw32/nios2-elf/lib/mno-hw-mul\libstdc++.a
LOAD c:/intelfpga/17.1/nios2eds/bin/gnu/h-x86_64-mingw32/bin/../lib/gcc/nios2-elf/5.3.0/../../../../../H-x86_64-mingw32/nios2-elf/lib/mno-hw-mul\libm.a
LOAD c:/intelfpga/17.1/nios2eds/bin/gnu/h-x86_64-mingw32/bin/../lib/gcc/nios2-elf/5.3.0/mno-hw-mul\libgcc.a
START GROUP
LOAD c:/intelfpga/17.1/nios2eds/bin/gnu/h-x86_64-mingw32/bin/../lib/gcc/nios2-elf/5.3.0/../../../../../H-x86_64-mingw32/nios2-elf/lib/mno-hw-mul\libsmallc.a
LOAD c:/intelfpga/17.1/nios2eds/bin/gnu/h-x86_64-mingw32/bin/../lib/gcc/nios2-elf/5.3.0/mno-hw-mul\libgcc.a
LOAD ../FinalProject_bsp/\libhal_bsp.a
LOAD c:/intelfpga/17.1/nios2eds/bin/gnu/h-x86_64-mingw32/bin/../lib/gcc/nios2-elf/5.3.0/../../../../../H-x86_64-mingw32/nios2-elf/lib/mno-hw-mul\libm.a
END GROUP
LOAD c:/intelfpga/17.1/nios2eds/bin/gnu/h-x86_64-mingw32/bin/../lib/gcc/nios2-elf/5.3.0/mno-hw-mul\libgcc.a
                0x0000000000008000                __alt_mem_onchip_memory2_0 = 0x8000

.entry          0x0000000000008000       0x20
 *(.entry)
 .entry         0x0000000000008000       0x20 ../FinalProject_bsp//obj/HAL/src/crt0.o
                0x0000000000008000                __reset
                0x000000000000800c                _exit

.exceptions     0x0000000000008020        0x0
                0x0000000000008020                PROVIDE (__ram_exceptions_start, ABSOLUTE (.))
                0x0000000000008020                . = ALIGN (0x20)
 *(.irq)
 *(.exceptions.entry.label)
 *(.exceptions.entry.user)
 *(.exceptions.entry.ecc_fatal)
 *(.exceptions.entry)
 *(.exceptions.irqtest.user)
 *(.exceptions.irqtest)
 *(.exceptions.irqhandler.user)
 *(.exceptions.irqhandler)
 *(.exceptions.irqreturn.user)
 *(.exceptions.irqreturn)
 *(.exceptions.notirq.label)
 *(.exceptions.notirq.user)
 *(.exceptions.notirq)
 *(.exceptions.soft.user)
 *(.exceptions.soft)
 *(.exceptions.unknown.user)
 *(.exceptions.unknown)
 *(.exceptions.exit.label)
 *(.exceptions.exit.user)
 *(.exceptions.exit)
 *(.exceptions)
                0x0000000000008020                PROVIDE (__ram_exceptions_end, ABSOLUTE (.))
                0x0000000000008020                PROVIDE (__flash_exceptions_start, LOADADDR (.exceptions))

.text           0x0000000000008020      0xe9c
                [!provide]                        PROVIDE (stext, ABSOLUTE (.))
 *(.interp)
 *(.hash)
 *(.dynsym)
 *(.dynstr)
 *(.gnu.version)
 *(.gnu.version_d)
 *(.gnu.version_r)
 *(.rel.init)
 *(.rela.init)
 *(.rel.text .rel.text.* .rel.gnu.linkonce.t.*)
 *(.rela.text .rela.text.* .rela.gnu.linkonce.t.*)
 *(.rel.fini)
 *(.rela.fini)
 *(.rel.rodata .rel.rodata.* .rel.gnu.linkonce.r.*)
 *(.rela.rodata .rela.rodata.* .rela.gnu.linkonce.r.*)
 *(.rel.data .rel.data.* .rel.gnu.linkonce.d.*)
 *(.rela.data .rela.data.* .rela.gnu.linkonce.d.*)
 *(.rel.tdata .rel.tdata.* .rel.gnu.linkonce.td.*)
 *(.rela.tdata .rela.tdata.* .rela.gnu.linkonce.td.*)
 *(.rel.tbss .rel.tbss.* .rel.gnu.linkonce.tb.*)
 *(.rela.tbss .rela.tbss.* .rela.gnu.linkonce.tb.*)
 *(.rel.ctors)
 *(.rela.ctors)
 *(.rel.dtors)
 *(.rela.dtors)
 *(.rel.got)
 *(.rela.got)
 *(.rel.sdata .rel.sdata.* .rel.gnu.linkonce.s.*)
 *(.rela.sdata .rela.sdata.* .rela.gnu.linkonce.s.*)
 *(.rel.sbss .rel.sbss.* .rel.gnu.linkonce.sb.*)
 *(.rela.sbss .rela.sbss.* .rela.gnu.linkonce.sb.*)
 *(.rel.sdata2 .rel.sdata2.* .rel.gnu.linkonce.s2.*)
 *(.rela.sdata2 .rela.sdata2.* .rela.gnu.linkonce.s2.*)
 *(.rel.sbss2 .rel.sbss2.* .rel.gnu.linkonce.sb2.*)
 *(.rela.sbss2 .rela.sbss2.* .rela.gnu.linkonce.sb2.*)
 *(.rel.bss .rel.bss.* .rel.gnu.linkonce.b.*)
 *(.rela.bss .rela.bss.* .rela.gnu.linkonce.b.*)
 *(.rel.plt)
 *(.rela.plt)
 *(.rel.dyn)
 *(.init)
 *(.plt)
 *(.text .stub .text.* .gnu.linkonce.t.*)
 .text          0x0000000000008020       0x3c ../FinalProject_bsp//obj/HAL/src/crt0.o
                0x0000000000008020                _start
 .text          0x000000000000805c      0x7b0 obj/default/hello_world_small.o
                0x000000000000805c                main
 .text          0x000000000000880c        0x0 c:/intelfpga/17.1/nios2eds/bin/gnu/h-x86_64-mingw32/bin/../lib/gcc/nios2-elf/5.3.0/../../../../../H-x86_64-mingw32/nios2-elf/lib/mno-hw-mul\libsmallc.a(lib_a-memset.o)
 .text.memset   0x000000000000880c       0x20 c:/intelfpga/17.1/nios2eds/bin/gnu/h-x86_64-mingw32/bin/../lib/gcc/nios2-elf/5.3.0/../../../../../H-x86_64-mingw32/nios2-elf/lib/mno-hw-mul\libsmallc.a(lib_a-memset.o)
                0x000000000000880c                memset
 .text          0x000000000000882c       0x44 ../FinalProject_bsp/\libhal_bsp.a(alt_getchar.o)
                0x000000000000882c                alt_getchar
 .text          0x0000000000008870       0xe0 ../FinalProject_bsp/\libhal_bsp.a(alt_load.o)
                0x0000000000008870                alt_load
 .text          0x0000000000008950       0x2c ../FinalProject_bsp/\libhal_bsp.a(alt_main.o)
                0x0000000000008950                alt_main
 .text          0x000000000000897c      0x170 ../FinalProject_bsp/\libhal_bsp.a(alt_printf.o)
                0x000000000000897c                alt_printf
 .text          0x0000000000008aec       0x48 ../FinalProject_bsp/\libhal_bsp.a(alt_putchar.o)
                0x0000000000008aec                alt_putchar
 .text          0x0000000000008b34       0x38 ../FinalProject_bsp/\libhal_bsp.a(alt_putstr.o)
                0x0000000000008b34                alt_putstr
 .text          0x0000000000008b6c        0x4 ../FinalProject_bsp/\libhal_bsp.a(alt_usleep.o)
                0x0000000000008b6c                usleep
 .text          0x0000000000008b70       0x24 ../FinalProject_bsp/\libhal_bsp.a(alt_sys_init.o)
                0x0000000000008b70                alt_irq_init
                0x0000000000008b90                alt_sys_init
 .text          0x0000000000008b94       0x5c ../FinalProject_bsp/\libhal_bsp.a(altera_avalon_jtag_uart_read.o)
                0x0000000000008b94                altera_avalon_jtag_uart_read
 .text          0x0000000000008bf0       0x34 ../FinalProject_bsp/\libhal_bsp.a(altera_avalon_jtag_uart_write.o)
                0x0000000000008bf0                altera_avalon_jtag_uart_write
 .text          0x0000000000008c24       0x88 ../FinalProject_bsp/\libhal_bsp.a(alt_busy_sleep.o)
                0x0000000000008c24                alt_busy_sleep
 .text          0x0000000000008cac        0x4 ../FinalProject_bsp/\libhal_bsp.a(alt_dcache_flush_all.o)
                0x0000000000008cac                alt_dcache_flush_all
 .text          0x0000000000008cb0        0x8 ../FinalProject_bsp/\libhal_bsp.a(alt_dev.o)
 .text          0x0000000000008cb8        0x4 ../FinalProject_bsp/\libhal_bsp.a(alt_icache_flush_all.o)
                0x0000000000008cb8                alt_icache_flush_all
 .text          0x0000000000008cbc        0x8 ../FinalProject_bsp/\libhal_bsp.a(altera_nios2_gen2_irq.o)
                0x0000000000008cbc                altera_nios2_gen2_irq_init
 .text          0x0000000000008cc4        0x0 c:/intelfpga/17.1/nios2eds/bin/gnu/h-x86_64-mingw32/bin/../lib/gcc/nios2-elf/5.3.0/../../../../../H-x86_64-mingw32/nios2-elf/lib/mno-hw-mul\libsmallc.a(lib_a-strlen.o)
 .text.strlen   0x0000000000008cc4       0x1c c:/intelfpga/17.1/nios2eds/bin/gnu/h-x86_64-mingw32/bin/../lib/gcc/nios2-elf/5.3.0/../../../../../H-x86_64-mingw32/nios2-elf/lib/mno-hw-mul\libsmallc.a(lib_a-strlen.o)
                0x0000000000008cc4                strlen
 .text          0x0000000000008ce0      0x1b4 c:/intelfpga/17.1/nios2eds/bin/gnu/h-x86_64-mingw32/bin/../lib/gcc/nios2-elf/5.3.0/mno-hw-mul\libgcc.a(lib2-divmod.o)
                0x0000000000008ce0                __divsi3
                0x0000000000008d64                __modsi3
                0x0000000000008dd8                __udivsi3
                0x0000000000008e3c                __umodsi3
 .text          0x0000000000008e94       0x28 c:/intelfpga/17.1/nios2eds/bin/gnu/h-x86_64-mingw32/bin/../lib/gcc/nios2-elf/5.3.0/mno-hw-mul\libgcc.a(lib2-mul.o)
                0x0000000000008e94                __mulsi3
 *(.gnu.warning.*)
 *(.fini)
                [!provide]                        PROVIDE (__etext, ABSOLUTE (.))
                [!provide]                        PROVIDE (_etext, ABSOLUTE (.))
                [!provide]                        PROVIDE (etext, ABSOLUTE (.))
 *(.eh_frame_hdr)
                0x0000000000008ebc                . = ALIGN (0x4)
                [!provide]                        PROVIDE (__preinit_array_start, ABSOLUTE (.))
 *(.preinit_array)
                [!provide]                        PROVIDE (__preinit_array_end, ABSOLUTE (.))
                [!provide]                        PROVIDE (__init_array_start, ABSOLUTE (.))
 *(.init_array)
                [!provide]                        PROVIDE (__init_array_end, ABSOLUTE (.))
                [!provide]                        PROVIDE (__fini_array_start, ABSOLUTE (.))
 *(.fini_array)
                [!provide]                        PROVIDE (__fini_array_end, ABSOLUTE (.))
 *(.eh_frame)
 *(.gcc_except_table .gcc_except_table.*)
 *(.dynamic)
                [!provide]                        PROVIDE (__CTOR_LIST__, ABSOLUTE (.))
 *(.ctors)
 *(SORT(.ctors.*))
                [!provide]                        PROVIDE (__CTOR_END__, ABSOLUTE (.))
                [!provide]                        PROVIDE (__DTOR_LIST__, ABSOLUTE (.))
 *(.dtors)
 *(SORT(.dtors.*))
                [!provide]                        PROVIDE (__DTOR_END__, ABSOLUTE (.))
 *(.jcr)
                0x0000000000008ebc                . = ALIGN (0x4)

.rodata         0x0000000000008ebc       0x70
                0x0000000000008ebc                PROVIDE (__ram_rodata_start, ABSOLUTE (.))
                0x0000000000008ebc                . = ALIGN (0x4)
 *(.rodata .rodata.* .gnu.linkonce.r.*)
 .rodata        0x0000000000008ebc       0x61 obj/default/hello_world_small.o
 *fill*         0x0000000000008f1d        0x3 
 .rodata.str1.4
                0x0000000000008f20        0xc ../FinalProject_bsp/\libhal_bsp.a(alt_dev.o)
                                          0xa (size before relaxing)
 *(.rodata1)
                0x0000000000008f2c                . = ALIGN (0x4)
                0x0000000000008f2c                PROVIDE (__ram_rodata_end, ABSOLUTE (.))
                0x0000000000008ebc                PROVIDE (__flash_rodata_start, LOADADDR (.rodata))

.rwdata         0x0000000000008f2c       0x70 load address 0x0000000000008f9c
                0x0000000000008f2c                PROVIDE (__ram_rwdata_start, ABSOLUTE (.))
                0x0000000000008f2c                . = ALIGN (0x4)
 *(.got.plt)
 *(.got)
 *(.data1)
 *(.data .data.* .gnu.linkonce.d.*)
 .data          0x0000000000008f2c        0x0 ../FinalProject_bsp//obj/HAL/src/crt0.o
 .data          0x0000000000008f2c        0x0 obj/default/hello_world_small.o
 .data          0x0000000000008f2c        0x0 c:/intelfpga/17.1/nios2eds/bin/gnu/h-x86_64-mingw32/bin/../lib/gcc/nios2-elf/5.3.0/../../../../../H-x86_64-mingw32/nios2-elf/lib/mno-hw-mul\libsmallc.a(lib_a-memset.o)
 .data          0x0000000000008f2c        0x0 ../FinalProject_bsp/\libhal_bsp.a(alt_getchar.o)
 .data          0x0000000000008f2c        0x0 ../FinalProject_bsp/\libhal_bsp.a(alt_load.o)
 .data          0x0000000000008f2c        0x0 ../FinalProject_bsp/\libhal_bsp.a(alt_main.o)
 .data          0x0000000000008f2c        0x0 ../FinalProject_bsp/\libhal_bsp.a(alt_printf.o)
 .data          0x0000000000008f2c        0x0 ../FinalProject_bsp/\libhal_bsp.a(alt_putchar.o)
 .data          0x0000000000008f2c        0x0 ../FinalProject_bsp/\libhal_bsp.a(alt_putstr.o)
 .data          0x0000000000008f2c        0x0 ../FinalProject_bsp/\libhal_bsp.a(alt_usleep.o)
 .data          0x0000000000008f2c        0x0 ../FinalProject_bsp/\libhal_bsp.a(alt_sys_init.o)
 .data          0x0000000000008f2c        0x0 ../FinalProject_bsp/\libhal_bsp.a(altera_avalon_jtag_uart_read.o)
 .data          0x0000000000008f2c        0x0 ../FinalProject_bsp/\libhal_bsp.a(altera_avalon_jtag_uart_write.o)
 .data          0x0000000000008f2c        0x0 ../FinalProject_bsp/\libhal_bsp.a(alt_busy_sleep.o)
 .data          0x0000000000008f2c        0x0 ../FinalProject_bsp/\libhal_bsp.a(alt_dcache_flush_all.o)
 .data          0x0000000000008f2c       0x58 ../FinalProject_bsp/\libhal_bsp.a(alt_dev.o)
                0x0000000000008f2c                alt_fd_list
                0x0000000000008f5c                alt_dev_null
 .data          0x0000000000008f84        0x0 ../FinalProject_bsp/\libhal_bsp.a(alt_icache_flush_all.o)
 .data          0x0000000000008f84        0x0 ../FinalProject_bsp/\libhal_bsp.a(altera_nios2_gen2_irq.o)
 .data          0x0000000000008f84        0x0 c:/intelfpga/17.1/nios2eds/bin/gnu/h-x86_64-mingw32/bin/../lib/gcc/nios2-elf/5.3.0/../../../../../H-x86_64-mingw32/nios2-elf/lib/mno-hw-mul\libsmallc.a(lib_a-strlen.o)
 .data          0x0000000000008f84        0x0 c:/intelfpga/17.1/nios2eds/bin/gnu/h-x86_64-mingw32/bin/../lib/gcc/nios2-elf/5.3.0/mno-hw-mul\libgcc.a(lib2-divmod.o)
 .data          0x0000000000008f84        0x0 c:/intelfpga/17.1/nios2eds/bin/gnu/h-x86_64-mingw32/bin/../lib/gcc/nios2-elf/5.3.0/mno-hw-mul\libgcc.a(lib2-mul.o)
                0x0000000000010f84                _gp = ABSOLUTE ((. + 0x8000))
                [!provide]                        PROVIDE (gp, _gp)
 *(.rwdata .rwdata.*)
 *(.sdata .sdata.* .gnu.linkonce.s.*)
 .sdata         0x0000000000008f84        0x4 ../FinalProject_bsp/\libhal_bsp.a(alt_sys_init.o)
                0x0000000000008f84                jtag_uart_0
 .sdata         0x0000000000008f88       0x14 ../FinalProject_bsp/\libhal_bsp.a(alt_dev.o)
                0x0000000000008f88                alt_max_fd
                0x0000000000008f8c                alt_dev_list
                0x0000000000008f94                alt_fs_list
 *(.sdata2 .sdata2.* .gnu.linkonce.s2.*)
                0x0000000000008f9c                . = ALIGN (0x4)
                0x0000000000008f9c                _edata = ABSOLUTE (.)
                [!provide]                        PROVIDE (edata, ABSOLUTE (.))
                0x0000000000008f9c                PROVIDE (__ram_rwdata_end, ABSOLUTE (.))
                0x0000000000008f9c                PROVIDE (__flash_rwdata_start, LOADADDR (.rwdata))

.bss            0x000000000000900c        0xc
                0x000000000000900c                __bss_start = ABSOLUTE (.)
                [!provide]                        PROVIDE (__sbss_start, ABSOLUTE (.))
                [!provide]                        PROVIDE (___sbss_start, ABSOLUTE (.))
 *(.dynsbss)
 *(.sbss .sbss.* .gnu.linkonce.sb.*)
 .sbss          0x000000000000900c        0xc ../FinalProject_bsp/\libhal_bsp.a(alt_main.o)
                0x000000000000900c                alt_envp
                0x0000000000009010                alt_argv
                0x0000000000009014                alt_argc
 *(.sbss2 .sbss2.* .gnu.linkonce.sb2.*)
 *(.scommon)
                [!provide]                        PROVIDE (__sbss_end, ABSOLUTE (.))
                [!provide]                        PROVIDE (___sbss_end, ABSOLUTE (.))
 *(.dynbss)
 *(.bss .bss.* .gnu.linkonce.b.*)
 .bss           0x0000000000009018        0x0 ../FinalProject_bsp//obj/HAL/src/crt0.o
 .bss           0x0000000000009018        0x0 obj/default/hello_world_small.o
 .bss           0x0000000000009018        0x0 c:/intelfpga/17.1/nios2eds/bin/gnu/h-x86_64-mingw32/bin/../lib/gcc/nios2-elf/5.3.0/../../../../../H-x86_64-mingw32/nios2-elf/lib/mno-hw-mul\libsmallc.a(lib_a-memset.o)
 .bss           0x0000000000009018        0x0 ../FinalProject_bsp/\libhal_bsp.a(alt_getchar.o)
 .bss           0x0000000000009018        0x0 ../FinalProject_bsp/\libhal_bsp.a(alt_load.o)
 .bss           0x0000000000009018        0x0 ../FinalProject_bsp/\libhal_bsp.a(alt_main.o)
 .bss           0x0000000000009018        0x0 ../FinalProject_bsp/\libhal_bsp.a(alt_printf.o)
 .bss           0x0000000000009018        0x0 ../FinalProject_bsp/\libhal_bsp.a(alt_putchar.o)
 .bss           0x0000000000009018        0x0 ../FinalProject_bsp/\libhal_bsp.a(alt_putstr.o)
 .bss           0x0000000000009018        0x0 ../FinalProject_bsp/\libhal_bsp.a(alt_usleep.o)
 .bss           0x0000000000009018        0x0 ../FinalProject_bsp/\libhal_bsp.a(alt_sys_init.o)
 .bss           0x0000000000009018        0x0 ../FinalProject_bsp/\libhal_bsp.a(altera_avalon_jtag_uart_read.o)
 .bss           0x0000000000009018        0x0 ../FinalProject_bsp/\libhal_bsp.a(altera_avalon_jtag_uart_write.o)
 .bss           0x0000000000009018        0x0 ../FinalProject_bsp/\libhal_bsp.a(alt_busy_sleep.o)
 .bss           0x0000000000009018        0x0 ../FinalProject_bsp/\libhal_bsp.a(alt_dcache_flush_all.o)
 .bss           0x0000000000009018        0x0 ../FinalProject_bsp/\libhal_bsp.a(alt_dev.o)
 .bss           0x0000000000009018        0x0 ../FinalProject_bsp/\libhal_bsp.a(alt_icache_flush_all.o)
 .bss           0x0000000000009018        0x0 ../FinalProject_bsp/\libhal_bsp.a(altera_nios2_gen2_irq.o)
 .bss           0x0000000000009018        0x0 c:/intelfpga/17.1/nios2eds/bin/gnu/h-x86_64-mingw32/bin/../lib/gcc/nios2-elf/5.3.0/../../../../../H-x86_64-mingw32/nios2-elf/lib/mno-hw-mul\libsmallc.a(lib_a-strlen.o)
 .bss           0x0000000000009018        0x0 c:/intelfpga/17.1/nios2eds/bin/gnu/h-x86_64-mingw32/bin/../lib/gcc/nios2-elf/5.3.0/mno-hw-mul\libgcc.a(lib2-divmod.o)
 .bss           0x0000000000009018        0x0 c:/intelfpga/17.1/nios2eds/bin/gnu/h-x86_64-mingw32/bin/../lib/gcc/nios2-elf/5.3.0/mno-hw-mul\libgcc.a(lib2-mul.o)
 *(COMMON)
                0x0000000000009018                . = ALIGN (0x4)
                0x0000000000009018                __bss_end = ABSOLUTE (.)

.onchip_memory2_0
                0x0000000000009018        0x0
                [!provide]                        PROVIDE (_alt_partition_onchip_memory2_0_start, ABSOLUTE (.))
 *(.onchip_memory2_0 .onchip_memory2_0. onchip_memory2_0.*)
                0x0000000000009018                . = ALIGN (0x4)
                [!provide]                        PROVIDE (_alt_partition_onchip_memory2_0_end, ABSOLUTE (.))
                0x0000000000009018                _end = ABSOLUTE (.)
                0x0000000000009018                end = ABSOLUTE (.)
                0x0000000000009018                __alt_stack_base = ABSOLUTE (.)
                [!provide]                        PROVIDE (_alt_partition_onchip_memory2_0_load_addr, LOADADDR (.onchip_memory2_0))

.stab
 *(.stab)

.stabstr
 *(.stabstr)

.stab.excl
 *(.stab.excl)

.stab.exclstr
 *(.stab.exclstr)

.stab.index
 *(.stab.index)

.stab.indexstr
 *(.stab.indexstr)

.comment        0x0000000000000000       0x23
 *(.comment)
 .comment       0x0000000000000000       0x23 obj/default/hello_world_small.o
                                         0x24 (size before relaxing)
 .comment       0x0000000000000023       0x24 c:/intelfpga/17.1/nios2eds/bin/gnu/h-x86_64-mingw32/bin/../lib/gcc/nios2-elf/5.3.0/../../../../../H-x86_64-mingw32/nios2-elf/lib/mno-hw-mul\libsmallc.a(lib_a-memset.o)
 .comment       0x0000000000000023       0x24 ../FinalProject_bsp/\libhal_bsp.a(alt_getchar.o)
 .comment       0x0000000000000023       0x24 ../FinalProject_bsp/\libhal_bsp.a(alt_load.o)
 .comment       0x0000000000000023       0x24 ../FinalProject_bsp/\libhal_bsp.a(alt_main.o)
 .comment       0x0000000000000023       0x24 ../FinalProject_bsp/\libhal_bsp.a(alt_printf.o)
 .comment       0x0000000000000023       0x24 ../FinalProject_bsp/\libhal_bsp.a(alt_putchar.o)
 .comment       0x0000000000000023       0x24 ../FinalProject_bsp/\libhal_bsp.a(alt_putstr.o)
 .comment       0x0000000000000023       0x24 ../FinalProject_bsp/\libhal_bsp.a(alt_usleep.o)
 .comment       0x0000000000000023       0x24 ../FinalProject_bsp/\libhal_bsp.a(alt_sys_init.o)
 .comment       0x0000000000000023       0x24 ../FinalProject_bsp/\libhal_bsp.a(altera_avalon_jtag_uart_read.o)
 .comment       0x0000000000000023       0x24 ../FinalProject_bsp/\libhal_bsp.a(altera_avalon_jtag_uart_write.o)
 .comment       0x0000000000000023       0x24 ../FinalProject_bsp/\libhal_bsp.a(alt_busy_sleep.o)
 .comment       0x0000000000000023       0x24 ../FinalProject_bsp/\libhal_bsp.a(alt_dcache_flush_all.o)
 .comment       0x0000000000000023       0x24 ../FinalProject_bsp/\libhal_bsp.a(alt_dev.o)
 .comment       0x0000000000000023       0x24 ../FinalProject_bsp/\libhal_bsp.a(alt_icache_flush_all.o)
 .comment       0x0000000000000023       0x24 ../FinalProject_bsp/\libhal_bsp.a(altera_nios2_gen2_irq.o)
 .comment       0x0000000000000023       0x24 c:/intelfpga/17.1/nios2eds/bin/gnu/h-x86_64-mingw32/bin/../lib/gcc/nios2-elf/5.3.0/../../../../../H-x86_64-mingw32/nios2-elf/lib/mno-hw-mul\libsmallc.a(lib_a-strlen.o)
 .comment       0x0000000000000023       0x24 c:/intelfpga/17.1/nios2eds/bin/gnu/h-x86_64-mingw32/bin/../lib/gcc/nios2-elf/5.3.0/mno-hw-mul\libgcc.a(lib2-divmod.o)
 .comment       0x0000000000000023       0x24 c:/intelfpga/17.1/nios2eds/bin/gnu/h-x86_64-mingw32/bin/../lib/gcc/nios2-elf/5.3.0/mno-hw-mul\libgcc.a(lib2-mul.o)

.debug
 *(.debug)

.line
 *(.line)

.debug_srcinfo
 *(.debug_srcinfo)

.debug_sfnames
 *(.debug_sfnames)

.debug_aranges  0x0000000000000000      0x2a8
 *(.debug_aranges)
 .debug_aranges
                0x0000000000000000       0x28 ../FinalProject_bsp//obj/HAL/src/crt0.o
 .debug_aranges
                0x0000000000000028       0x20 obj/default/hello_world_small.o
 .debug_aranges
                0x0000000000000048       0x20 c:/intelfpga/17.1/nios2eds/bin/gnu/h-x86_64-mingw32/bin/../lib/gcc/nios2-elf/5.3.0/../../../../../H-x86_64-mingw32/nios2-elf/lib/mno-hw-mul\libsmallc.a(lib_a-memset.o)
 .debug_aranges
                0x0000000000000068       0x20 ../FinalProject_bsp/\libhal_bsp.a(alt_getchar.o)
 .debug_aranges
                0x0000000000000088       0x20 ../FinalProject_bsp/\libhal_bsp.a(alt_load.o)
 .debug_aranges
                0x00000000000000a8       0x20 ../FinalProject_bsp/\libhal_bsp.a(alt_main.o)
 .debug_aranges
                0x00000000000000c8       0x20 ../FinalProject_bsp/\libhal_bsp.a(alt_printf.o)
 .debug_aranges
                0x00000000000000e8       0x20 ../FinalProject_bsp/\libhal_bsp.a(alt_putchar.o)
 .debug_aranges
                0x0000000000000108       0x20 ../FinalProject_bsp/\libhal_bsp.a(alt_putstr.o)
 .debug_aranges
                0x0000000000000128       0x20 ../FinalProject_bsp/\libhal_bsp.a(alt_usleep.o)
 .debug_aranges
                0x0000000000000148       0x20 ../FinalProject_bsp/\libhal_bsp.a(alt_sys_init.o)
 .debug_aranges
                0x0000000000000168       0x20 ../FinalProject_bsp/\libhal_bsp.a(altera_avalon_jtag_uart_read.o)
 .debug_aranges
                0x0000000000000188       0x20 ../FinalProject_bsp/\libhal_bsp.a(altera_avalon_jtag_uart_write.o)
 .debug_aranges
                0x00000000000001a8       0x20 ../FinalProject_bsp/\libhal_bsp.a(alt_busy_sleep.o)
 .debug_aranges
                0x00000000000001c8       0x20 ../FinalProject_bsp/\libhal_bsp.a(alt_dcache_flush_all.o)
 .debug_aranges
                0x00000000000001e8       0x20 ../FinalProject_bsp/\libhal_bsp.a(alt_dev.o)
 .debug_aranges
                0x0000000000000208       0x20 ../FinalProject_bsp/\libhal_bsp.a(alt_icache_flush_all.o)
 .debug_aranges
                0x0000000000000228       0x20 ../FinalProject_bsp/\libhal_bsp.a(altera_nios2_gen2_irq.o)
 .debug_aranges
                0x0000000000000248       0x20 c:/intelfpga/17.1/nios2eds/bin/gnu/h-x86_64-mingw32/bin/../lib/gcc/nios2-elf/5.3.0/../../../../../H-x86_64-mingw32/nios2-elf/lib/mno-hw-mul\libsmallc.a(lib_a-strlen.o)
 .debug_aranges
                0x0000000000000268       0x20 c:/intelfpga/17.1/nios2eds/bin/gnu/h-x86_64-mingw32/bin/../lib/gcc/nios2-elf/5.3.0/mno-hw-mul\libgcc.a(lib2-divmod.o)
 .debug_aranges
                0x0000000000000288       0x20 c:/intelfpga/17.1/nios2eds/bin/gnu/h-x86_64-mingw32/bin/../lib/gcc/nios2-elf/5.3.0/mno-hw-mul\libgcc.a(lib2-mul.o)

.debug_pubnames
 *(.debug_pubnames)

.debug_info     0x0000000000000000     0x1e48
 *(.debug_info .gnu.linkonce.wi.*)
 .debug_info    0x0000000000000000       0x69 ../FinalProject_bsp//obj/HAL/src/crt0.o
 .debug_info    0x0000000000000069      0x1e8 obj/default/hello_world_small.o
 .debug_info    0x0000000000000251       0xdc c:/intelfpga/17.1/nios2eds/bin/gnu/h-x86_64-mingw32/bin/../lib/gcc/nios2-elf/5.3.0/../../../../../H-x86_64-mingw32/nios2-elf/lib/mno-hw-mul\libsmallc.a(lib_a-memset.o)
 .debug_info    0x000000000000032d      0x32d ../FinalProject_bsp/\libhal_bsp.a(alt_getchar.o)
 .debug_info    0x000000000000065a      0x1c9 ../FinalProject_bsp/\libhal_bsp.a(alt_load.o)
 .debug_info    0x0000000000000823      0x169 ../FinalProject_bsp/\libhal_bsp.a(alt_main.o)
 .debug_info    0x000000000000098c      0x14d ../FinalProject_bsp/\libhal_bsp.a(alt_printf.o)
 .debug_info    0x0000000000000ad9      0x12a ../FinalProject_bsp/\libhal_bsp.a(alt_putchar.o)
 .debug_info    0x0000000000000c03      0x13a ../FinalProject_bsp/\libhal_bsp.a(alt_putstr.o)
 .debug_info    0x0000000000000d3d       0xd1 ../FinalProject_bsp/\libhal_bsp.a(alt_usleep.o)
 .debug_info    0x0000000000000e0e      0x185 ../FinalProject_bsp/\libhal_bsp.a(alt_sys_init.o)
 .debug_info    0x0000000000000f93      0x1b4 ../FinalProject_bsp/\libhal_bsp.a(altera_avalon_jtag_uart_read.o)
 .debug_info    0x0000000000001147      0x197 ../FinalProject_bsp/\libhal_bsp.a(altera_avalon_jtag_uart_write.o)
 .debug_info    0x00000000000012de       0xd8 ../FinalProject_bsp/\libhal_bsp.a(alt_busy_sleep.o)
 .debug_info    0x00000000000013b6       0x92 ../FinalProject_bsp/\libhal_bsp.a(alt_dcache_flush_all.o)
 .debug_info    0x0000000000001448      0x499 ../FinalProject_bsp/\libhal_bsp.a(alt_dev.o)
 .debug_info    0x00000000000018e1       0x92 ../FinalProject_bsp/\libhal_bsp.a(alt_icache_flush_all.o)
 .debug_info    0x0000000000001973       0x92 ../FinalProject_bsp/\libhal_bsp.a(altera_nios2_gen2_irq.o)
 .debug_info    0x0000000000001a05       0xc9 c:/intelfpga/17.1/nios2eds/bin/gnu/h-x86_64-mingw32/bin/../lib/gcc/nios2-elf/5.3.0/../../../../../H-x86_64-mingw32/nios2-elf/lib/mno-hw-mul\libsmallc.a(lib_a-strlen.o)
 .debug_info    0x0000000000001ace      0x2c6 c:/intelfpga/17.1/nios2eds/bin/gnu/h-x86_64-mingw32/bin/../lib/gcc/nios2-elf/5.3.0/mno-hw-mul\libgcc.a(lib2-divmod.o)
 .debug_info    0x0000000000001d94       0xb4 c:/intelfpga/17.1/nios2eds/bin/gnu/h-x86_64-mingw32/bin/../lib/gcc/nios2-elf/5.3.0/mno-hw-mul\libgcc.a(lib2-mul.o)

.debug_abbrev   0x0000000000000000      0xe5d
 *(.debug_abbrev)
 .debug_abbrev  0x0000000000000000       0x12 ../FinalProject_bsp//obj/HAL/src/crt0.o
 .debug_abbrev  0x0000000000000012       0xcd obj/default/hello_world_small.o
 .debug_abbrev  0x00000000000000df       0x8e c:/intelfpga/17.1/nios2eds/bin/gnu/h-x86_64-mingw32/bin/../lib/gcc/nios2-elf/5.3.0/../../../../../H-x86_64-mingw32/nios2-elf/lib/mno-hw-mul\libsmallc.a(lib_a-memset.o)
 .debug_abbrev  0x000000000000016d      0x11d ../FinalProject_bsp/\libhal_bsp.a(alt_getchar.o)
 .debug_abbrev  0x000000000000028a       0xd8 ../FinalProject_bsp/\libhal_bsp.a(alt_load.o)
 .debug_abbrev  0x0000000000000362       0xee ../FinalProject_bsp/\libhal_bsp.a(alt_main.o)
 .debug_abbrev  0x0000000000000450       0xd5 ../FinalProject_bsp/\libhal_bsp.a(alt_printf.o)
 .debug_abbrev  0x0000000000000525       0xd2 ../FinalProject_bsp/\libhal_bsp.a(alt_putchar.o)
 .debug_abbrev  0x00000000000005f7       0xd3 ../FinalProject_bsp/\libhal_bsp.a(alt_putstr.o)
 .debug_abbrev  0x00000000000006ca       0x8d ../FinalProject_bsp/\libhal_bsp.a(alt_usleep.o)
 .debug_abbrev  0x0000000000000757      0x107 ../FinalProject_bsp/\libhal_bsp.a(alt_sys_init.o)
 .debug_abbrev  0x000000000000085e      0x102 ../FinalProject_bsp/\libhal_bsp.a(altera_avalon_jtag_uart_read.o)
 .debug_abbrev  0x0000000000000960       0xd5 ../FinalProject_bsp/\libhal_bsp.a(altera_avalon_jtag_uart_write.o)
 .debug_abbrev  0x0000000000000a35       0x8d ../FinalProject_bsp/\libhal_bsp.a(alt_busy_sleep.o)
 .debug_abbrev  0x0000000000000ac2       0x42 ../FinalProject_bsp/\libhal_bsp.a(alt_dcache_flush_all.o)
 .debug_abbrev  0x0000000000000b04       0xd9 ../FinalProject_bsp/\libhal_bsp.a(alt_dev.o)
 .debug_abbrev  0x0000000000000bdd       0x42 ../FinalProject_bsp/\libhal_bsp.a(alt_icache_flush_all.o)
 .debug_abbrev  0x0000000000000c1f       0x42 ../FinalProject_bsp/\libhal_bsp.a(altera_nios2_gen2_irq.o)
 .debug_abbrev  0x0000000000000c61       0x7f c:/intelfpga/17.1/nios2eds/bin/gnu/h-x86_64-mingw32/bin/../lib/gcc/nios2-elf/5.3.0/../../../../../H-x86_64-mingw32/nios2-elf/lib/mno-hw-mul\libsmallc.a(lib_a-strlen.o)
 .debug_abbrev  0x0000000000000ce0      0x10e c:/intelfpga/17.1/nios2eds/bin/gnu/h-x86_64-mingw32/bin/../lib/gcc/nios2-elf/5.3.0/mno-hw-mul\libgcc.a(lib2-divmod.o)
 .debug_abbrev  0x0000000000000dee       0x6f c:/intelfpga/17.1/nios2eds/bin/gnu/h-x86_64-mingw32/bin/../lib/gcc/nios2-elf/5.3.0/mno-hw-mul\libgcc.a(lib2-mul.o)

.debug_line     0x0000000000000000     0x106c
 *(.debug_line)
 .debug_line    0x0000000000000000       0x66 ../FinalProject_bsp//obj/HAL/src/crt0.o
 .debug_line    0x0000000000000066      0x16b obj/default/hello_world_small.o
 .debug_line    0x00000000000001d1      0x15d c:/intelfpga/17.1/nios2eds/bin/gnu/h-x86_64-mingw32/bin/../lib/gcc/nios2-elf/5.3.0/../../../../../H-x86_64-mingw32/nios2-elf/lib/mno-hw-mul\libsmallc.a(lib_a-memset.o)
 .debug_line    0x000000000000032e       0xb7 ../FinalProject_bsp/\libhal_bsp.a(alt_getchar.o)
 .debug_line    0x00000000000003e5       0xa4 ../FinalProject_bsp/\libhal_bsp.a(alt_load.o)
 .debug_line    0x0000000000000489       0xbd ../FinalProject_bsp/\libhal_bsp.a(alt_main.o)
 .debug_line    0x0000000000000546      0x10d ../FinalProject_bsp/\libhal_bsp.a(alt_printf.o)
 .debug_line    0x0000000000000653       0x55 ../FinalProject_bsp/\libhal_bsp.a(alt_putchar.o)
 .debug_line    0x00000000000006a8       0x9b ../FinalProject_bsp/\libhal_bsp.a(alt_putstr.o)
 .debug_line    0x0000000000000743       0xca ../FinalProject_bsp/\libhal_bsp.a(alt_usleep.o)
 .debug_line    0x000000000000080d      0x101 ../FinalProject_bsp/\libhal_bsp.a(alt_sys_init.o)
 .debug_line    0x000000000000090e       0xfb ../FinalProject_bsp/\libhal_bsp.a(altera_avalon_jtag_uart_read.o)
 .debug_line    0x0000000000000a09       0xf0 ../FinalProject_bsp/\libhal_bsp.a(altera_avalon_jtag_uart_write.o)
 .debug_line    0x0000000000000af9       0xb5 ../FinalProject_bsp/\libhal_bsp.a(alt_busy_sleep.o)
 .debug_line    0x0000000000000bae       0x4e ../FinalProject_bsp/\libhal_bsp.a(alt_dcache_flush_all.o)
 .debug_line    0x0000000000000bfc       0xf1 ../FinalProject_bsp/\libhal_bsp.a(alt_dev.o)
 .debug_line    0x0000000000000ced       0x4e ../FinalProject_bsp/\libhal_bsp.a(alt_icache_flush_all.o)
 .debug_line    0x0000000000000d3b       0x50 ../FinalProject_bsp/\libhal_bsp.a(altera_nios2_gen2_irq.o)
 .debug_line    0x0000000000000d8b      0x15c c:/intelfpga/17.1/nios2eds/bin/gnu/h-x86_64-mingw32/bin/../lib/gcc/nios2-elf/5.3.0/../../../../../H-x86_64-mingw32/nios2-elf/lib/mno-hw-mul\libsmallc.a(lib_a-strlen.o)
 .debug_line    0x0000000000000ee7      0x105 c:/intelfpga/17.1/nios2eds/bin/gnu/h-x86_64-mingw32/bin/../lib/gcc/nios2-elf/5.3.0/mno-hw-mul\libgcc.a(lib2-divmod.o)
 .debug_line    0x0000000000000fec       0x80 c:/intelfpga/17.1/nios2eds/bin/gnu/h-x86_64-mingw32/bin/../lib/gcc/nios2-elf/5.3.0/mno-hw-mul\libgcc.a(lib2-mul.o)

.debug_frame    0x0000000000000000      0x364
 *(.debug_frame)
 .debug_frame   0x0000000000000000       0x2c obj/default/hello_world_small.o
 .debug_frame   0x000000000000002c       0x20 c:/intelfpga/17.1/nios2eds/bin/gnu/h-x86_64-mingw32/bin/../lib/gcc/nios2-elf/5.3.0/../../../../../H-x86_64-mingw32/nios2-elf/lib/mno-hw-mul\libsmallc.a(lib_a-memset.o)
 .debug_frame   0x000000000000004c       0x2c ../FinalProject_bsp/\libhal_bsp.a(alt_getchar.o)
 .debug_frame   0x0000000000000078       0x30 ../FinalProject_bsp/\libhal_bsp.a(alt_load.o)
 .debug_frame   0x00000000000000a8       0x2c ../FinalProject_bsp/\libhal_bsp.a(alt_main.o)
 .debug_frame   0x00000000000000d4       0x54 ../FinalProject_bsp/\libhal_bsp.a(alt_printf.o)
 .debug_frame   0x0000000000000128       0x30 ../FinalProject_bsp/\libhal_bsp.a(alt_putchar.o)
 .debug_frame   0x0000000000000158       0x30 ../FinalProject_bsp/\libhal_bsp.a(alt_putstr.o)
 .debug_frame   0x0000000000000188       0x20 ../FinalProject_bsp/\libhal_bsp.a(alt_usleep.o)
 .debug_frame   0x00000000000001a8       0x3c ../FinalProject_bsp/\libhal_bsp.a(alt_sys_init.o)
 .debug_frame   0x00000000000001e4       0x20 ../FinalProject_bsp/\libhal_bsp.a(altera_avalon_jtag_uart_read.o)
 .debug_frame   0x0000000000000204       0x20 ../FinalProject_bsp/\libhal_bsp.a(altera_avalon_jtag_uart_write.o)
 .debug_frame   0x0000000000000224       0x30 ../FinalProject_bsp/\libhal_bsp.a(alt_busy_sleep.o)
 .debug_frame   0x0000000000000254       0x20 ../FinalProject_bsp/\libhal_bsp.a(alt_dcache_flush_all.o)
 .debug_frame   0x0000000000000274       0x20 ../FinalProject_bsp/\libhal_bsp.a(alt_dev.o)
 .debug_frame   0x0000000000000294       0x20 ../FinalProject_bsp/\libhal_bsp.a(alt_icache_flush_all.o)
 .debug_frame   0x00000000000002b4       0x20 ../FinalProject_bsp/\libhal_bsp.a(altera_nios2_gen2_irq.o)
 .debug_frame   0x00000000000002d4       0x20 c:/intelfpga/17.1/nios2eds/bin/gnu/h-x86_64-mingw32/bin/../lib/gcc/nios2-elf/5.3.0/../../../../../H-x86_64-mingw32/nios2-elf/lib/mno-hw-mul\libsmallc.a(lib_a-strlen.o)
 .debug_frame   0x00000000000002f4       0x50 c:/intelfpga/17.1/nios2eds/bin/gnu/h-x86_64-mingw32/bin/../lib/gcc/nios2-elf/5.3.0/mno-hw-mul\libgcc.a(lib2-divmod.o)
 .debug_frame   0x0000000000000344       0x20 c:/intelfpga/17.1/nios2eds/bin/gnu/h-x86_64-mingw32/bin/../lib/gcc/nios2-elf/5.3.0/mno-hw-mul\libgcc.a(lib2-mul.o)

.debug_str      0x0000000000000000      0xadf
 *(.debug_str)
 .debug_str     0x0000000000000000      0x152 obj/default/hello_world_small.o
                                        0x190 (size before relaxing)
 .debug_str     0x0000000000000152      0x141 c:/intelfpga/17.1/nios2eds/bin/gnu/h-x86_64-mingw32/bin/../lib/gcc/nios2-elf/5.3.0/../../../../../H-x86_64-mingw32/nios2-elf/lib/mno-hw-mul\libsmallc.a(lib_a-memset.o)
                                        0x1df (size before relaxing)
 .debug_str     0x0000000000000293      0x147 ../FinalProject_bsp/\libhal_bsp.a(alt_getchar.o)
                                        0x233 (size before relaxing)
 .debug_str     0x00000000000003da      0x113 ../FinalProject_bsp/\libhal_bsp.a(alt_load.o)
                                        0x237 (size before relaxing)
 .debug_str     0x00000000000004ed       0x5e ../FinalProject_bsp/\libhal_bsp.a(alt_main.o)
                                        0x1b0 (size before relaxing)
 .debug_str     0x000000000000054b       0x64 ../FinalProject_bsp/\libhal_bsp.a(alt_printf.o)
                                        0x101 (size before relaxing)
 .debug_str     0x00000000000005af       0x34 ../FinalProject_bsp/\libhal_bsp.a(alt_putchar.o)
                                        0x188 (size before relaxing)
 .debug_str     0x00000000000005e3       0x27 ../FinalProject_bsp/\libhal_bsp.a(alt_putstr.o)
                                        0x18d (size before relaxing)
 .debug_str     0x000000000000060a       0x36 ../FinalProject_bsp/\libhal_bsp.a(alt_usleep.o)
                                        0x152 (size before relaxing)
 .debug_str     0x0000000000000640       0x86 ../FinalProject_bsp/\libhal_bsp.a(alt_sys_init.o)
                                        0x221 (size before relaxing)
 .debug_str     0x00000000000006c6       0x38 ../FinalProject_bsp/\libhal_bsp.a(altera_avalon_jtag_uart_read.o)
                                        0x21a (size before relaxing)
 .debug_str     0x00000000000006fe       0x2c ../FinalProject_bsp/\libhal_bsp.a(altera_avalon_jtag_uart_write.o)
                                        0x210 (size before relaxing)
 .debug_str     0x000000000000072a       0x33 ../FinalProject_bsp/\libhal_bsp.a(alt_busy_sleep.o)
                                        0x166 (size before relaxing)
 .debug_str     0x000000000000075d       0x1f ../FinalProject_bsp/\libhal_bsp.a(alt_dcache_flush_all.o)
                                        0x150 (size before relaxing)
 .debug_str     0x000000000000077c      0x120 ../FinalProject_bsp/\libhal_bsp.a(alt_dev.o)
                                        0x300 (size before relaxing)
 .debug_str     0x000000000000089c       0x1f ../FinalProject_bsp/\libhal_bsp.a(alt_icache_flush_all.o)
                                        0x150 (size before relaxing)
 .debug_str     0x00000000000008bb       0x20 ../FinalProject_bsp/\libhal_bsp.a(altera_nios2_gen2_irq.o)
                                        0x157 (size before relaxing)
 .debug_str     0x00000000000008db       0x3d c:/intelfpga/17.1/nios2eds/bin/gnu/h-x86_64-mingw32/bin/../lib/gcc/nios2-elf/5.3.0/../../../../../H-x86_64-mingw32/nios2-elf/lib/mno-hw-mul\libsmallc.a(lib_a-strlen.o)
                                        0x1e5 (size before relaxing)
 .debug_str     0x0000000000000918      0x187 c:/intelfpga/17.1/nios2eds/bin/gnu/h-x86_64-mingw32/bin/../lib/gcc/nios2-elf/5.3.0/mno-hw-mul\libgcc.a(lib2-divmod.o)
                                        0x1d2 (size before relaxing)
 .debug_str     0x0000000000000a9f       0x40 c:/intelfpga/17.1/nios2eds/bin/gnu/h-x86_64-mingw32/bin/../lib/gcc/nios2-elf/5.3.0/mno-hw-mul\libgcc.a(lib2-mul.o)
                                        0x193 (size before relaxing)

.debug_loc      0x0000000000000000      0xa66
 *(.debug_loc)
 .debug_loc     0x0000000000000000       0xa5 c:/intelfpga/17.1/nios2eds/bin/gnu/h-x86_64-mingw32/bin/../lib/gcc/nios2-elf/5.3.0/../../../../../H-x86_64-mingw32/nios2-elf/lib/mno-hw-mul\libsmallc.a(lib_a-memset.o)
 .debug_loc     0x00000000000000a5      0x1de ../FinalProject_bsp/\libhal_bsp.a(alt_printf.o)
 .debug_loc     0x0000000000000283       0x2c ../FinalProject_bsp/\libhal_bsp.a(alt_putchar.o)
 .debug_loc     0x00000000000002af       0x37 ../FinalProject_bsp/\libhal_bsp.a(alt_putstr.o)
 .debug_loc     0x00000000000002e6       0x21 ../FinalProject_bsp/\libhal_bsp.a(alt_usleep.o)
 .debug_loc     0x0000000000000307       0x21 ../FinalProject_bsp/\libhal_bsp.a(alt_sys_init.o)
 .debug_loc     0x0000000000000328       0xcd ../FinalProject_bsp/\libhal_bsp.a(altera_avalon_jtag_uart_read.o)
 .debug_loc     0x00000000000003f5       0x8b ../FinalProject_bsp/\libhal_bsp.a(altera_avalon_jtag_uart_write.o)
 .debug_loc     0x0000000000000480       0x67 ../FinalProject_bsp/\libhal_bsp.a(alt_busy_sleep.o)
 .debug_loc     0x00000000000004e7       0x1e c:/intelfpga/17.1/nios2eds/bin/gnu/h-x86_64-mingw32/bin/../lib/gcc/nios2-elf/5.3.0/../../../../../H-x86_64-mingw32/nios2-elf/lib/mno-hw-mul\libsmallc.a(lib_a-strlen.o)
 .debug_loc     0x0000000000000505      0x4ce c:/intelfpga/17.1/nios2eds/bin/gnu/h-x86_64-mingw32/bin/../lib/gcc/nios2-elf/5.3.0/mno-hw-mul\libgcc.a(lib2-divmod.o)
 .debug_loc     0x00000000000009d3       0x93 c:/intelfpga/17.1/nios2eds/bin/gnu/h-x86_64-mingw32/bin/../lib/gcc/nios2-elf/5.3.0/mno-hw-mul\libgcc.a(lib2-mul.o)

.debug_macinfo
 *(.debug_macinfo)

.debug_weaknames
 *(.debug_weaknames)

.debug_funcnames
 *(.debug_funcnames)

.debug_typenames
 *(.debug_typenames)

.debug_varnames
 *(.debug_varnames)

.debug_alt_sim_info
                0x0000000000000000       0x40
 *(.debug_alt_sim_info)
 .debug_alt_sim_info
                0x0000000000000000       0x10 ../FinalProject_bsp//obj/HAL/src/crt0.o
 .debug_alt_sim_info
                0x0000000000000010       0x30 ../FinalProject_bsp/\libhal_bsp.a(alt_busy_sleep.o)
                0x0000000000010000                __alt_data_end = 0x10000
                0x0000000000010000                PROVIDE (__alt_stack_pointer, __alt_data_end)
                [!provide]                        PROVIDE (__alt_stack_limit, __alt_stack_base)
                [!provide]                        PROVIDE (__alt_heap_start, end)
                [!provide]                        PROVIDE (__alt_heap_limit, 0x10000)
OUTPUT(FinalProject.elf elf32-littlenios2)

.debug_ranges   0x0000000000000000      0x120
 .debug_ranges  0x0000000000000000       0x20 ../FinalProject_bsp//obj/HAL/src/crt0.o
 .debug_ranges  0x0000000000000020       0x10 c:/intelfpga/17.1/nios2eds/bin/gnu/h-x86_64-mingw32/bin/../lib/gcc/nios2-elf/5.3.0/../../../../../H-x86_64-mingw32/nios2-elf/lib/mno-hw-mul\libsmallc.a(lib_a-memset.o)
 .debug_ranges  0x0000000000000030       0x48 ../FinalProject_bsp/\libhal_bsp.a(alt_load.o)
 .debug_ranges  0x0000000000000078       0x18 ../FinalProject_bsp/\libhal_bsp.a(alt_printf.o)
 .debug_ranges  0x0000000000000090       0x20 ../FinalProject_bsp/\libhal_bsp.a(altera_avalon_jtag_uart_read.o)
 .debug_ranges  0x00000000000000b0       0x10 c:/intelfpga/17.1/nios2eds/bin/gnu/h-x86_64-mingw32/bin/../lib/gcc/nios2-elf/5.3.0/../../../../../H-x86_64-mingw32/nios2-elf/lib/mno-hw-mul\libsmallc.a(lib_a-strlen.o)
 .debug_ranges  0x00000000000000c0       0x60 c:/intelfpga/17.1/nios2eds/bin/gnu/h-x86_64-mingw32/bin/../lib/gcc/nios2-elf/5.3.0/mno-hw-mul\libgcc.a(lib2-divmod.o)
