Archive member included to satisfy reference by file (symbol)

c:/intelfpga/17.1/nios2eds/bin/gnu/h-x86_64-mingw32/bin/../lib/gcc/nios2-elf/5.3.0/../../../../../H-x86_64-mingw32/nios2-elf/lib/mno-hw-mul\libc.a(lib_a-memcpy.o)
                              obj/default/hello_world.o (memcpy)
../Rs232Comm_bsp/\libhal_bsp.a(alt_load.o)
                              ../Rs232Comm_bsp//obj/HAL/src/crt0.o (alt_load)
../Rs232Comm_bsp/\libhal_bsp.a(alt_main.o)
                              ../Rs232Comm_bsp//obj/HAL/src/crt0.o (alt_main)
../Rs232Comm_bsp/\libhal_bsp.a(alt_sys_init.o)
                              ../Rs232Comm_bsp/\libhal_bsp.a(alt_main.o) (alt_irq_init)
../Rs232Comm_bsp/\libhal_bsp.a(altera_avalon_uart_fd.o)
                              ../Rs232Comm_bsp/\libhal_bsp.a(alt_sys_init.o) (altera_avalon_uart_read_fd)
../Rs232Comm_bsp/\libhal_bsp.a(altera_avalon_uart_init.o)
                              ../Rs232Comm_bsp/\libhal_bsp.a(alt_sys_init.o) (altera_avalon_uart_init)
../Rs232Comm_bsp/\libhal_bsp.a(altera_avalon_uart_read.o)
                              ../Rs232Comm_bsp/\libhal_bsp.a(altera_avalon_uart_fd.o) (altera_avalon_uart_read)
../Rs232Comm_bsp/\libhal_bsp.a(altera_avalon_uart_write.o)
                              ../Rs232Comm_bsp/\libhal_bsp.a(altera_avalon_uart_fd.o) (altera_avalon_uart_write)
../Rs232Comm_bsp/\libhal_bsp.a(alt_close.o)
                              ../Rs232Comm_bsp/\libhal_bsp.a(alt_main.o) (close)
../Rs232Comm_bsp/\libhal_bsp.a(alt_dcache_flush_all.o)
                              ../Rs232Comm_bsp/\libhal_bsp.a(alt_load.o) (alt_dcache_flush_all)
../Rs232Comm_bsp/\libhal_bsp.a(alt_dev.o)
                              ../Rs232Comm_bsp/\libhal_bsp.a(alt_sys_init.o) (alt_dev_list)
../Rs232Comm_bsp/\libhal_bsp.a(alt_dev_llist_insert.o)
                              ../Rs232Comm_bsp/\libhal_bsp.a(alt_sys_init.o) (alt_dev_llist_insert)
../Rs232Comm_bsp/\libhal_bsp.a(alt_do_ctors.o)
                              ../Rs232Comm_bsp/\libhal_bsp.a(alt_main.o) (_do_ctors)
../Rs232Comm_bsp/\libhal_bsp.a(alt_do_dtors.o)
                              ../Rs232Comm_bsp/\libhal_bsp.a(alt_main.o) (_do_dtors)
../Rs232Comm_bsp/\libhal_bsp.a(alt_errno.o)
                              ../Rs232Comm_bsp/\libhal_bsp.a(altera_avalon_uart_read.o) (alt_errno)
../Rs232Comm_bsp/\libhal_bsp.a(alt_icache_flush_all.o)
                              ../Rs232Comm_bsp/\libhal_bsp.a(alt_load.o) (alt_icache_flush_all)
../Rs232Comm_bsp/\libhal_bsp.a(alt_iic.o)
                              ../Rs232Comm_bsp/\libhal_bsp.a(altera_avalon_uart_init.o) (alt_ic_isr_register)
../Rs232Comm_bsp/\libhal_bsp.a(alt_iic_isr_register.o)
                              ../Rs232Comm_bsp/\libhal_bsp.a(alt_iic.o) (alt_iic_isr_register)
../Rs232Comm_bsp/\libhal_bsp.a(alt_io_redirect.o)
                              ../Rs232Comm_bsp/\libhal_bsp.a(alt_main.o) (alt_io_redirect)
../Rs232Comm_bsp/\libhal_bsp.a(alt_irq_entry.o)
                              ../Rs232Comm_bsp/\libhal_bsp.a(alt_iic_isr_register.o) (alt_irq_entry)
../Rs232Comm_bsp/\libhal_bsp.a(alt_irq_handler.o)
                              ../Rs232Comm_bsp/\libhal_bsp.a(alt_iic_isr_register.o) (alt_irq)
../Rs232Comm_bsp/\libhal_bsp.a(alt_irq_vars.o)
                              ../Rs232Comm_bsp/\libhal_bsp.a(alt_iic.o) (alt_irq_active)
../Rs232Comm_bsp/\libhal_bsp.a(alt_open.o)
                              ../Rs232Comm_bsp/\libhal_bsp.a(alt_io_redirect.o) (open)
../Rs232Comm_bsp/\libhal_bsp.a(alt_release_fd.o)
                              ../Rs232Comm_bsp/\libhal_bsp.a(alt_close.o) (alt_release_fd)
../Rs232Comm_bsp/\libhal_bsp.a(altera_nios2_gen2_irq.o)
                              ../Rs232Comm_bsp/\libhal_bsp.a(alt_sys_init.o) (altera_nios2_gen2_irq_init)
../Rs232Comm_bsp/\libhal_bsp.a(alt_exception_entry.o)
                              ../Rs232Comm_bsp/\libhal_bsp.a(alt_irq_entry.o) (alt_exception)
../Rs232Comm_bsp/\libhal_bsp.a(alt_find_dev.o)
                              ../Rs232Comm_bsp/\libhal_bsp.a(alt_open.o) (alt_find_dev)
../Rs232Comm_bsp/\libhal_bsp.a(alt_find_file.o)
                              ../Rs232Comm_bsp/\libhal_bsp.a(alt_open.o) (alt_find_file)
../Rs232Comm_bsp/\libhal_bsp.a(alt_get_fd.o)
                              ../Rs232Comm_bsp/\libhal_bsp.a(alt_open.o) (alt_get_fd)
../Rs232Comm_bsp/\libhal_bsp.a(alt_instruction_exception_entry.o)
                              ../Rs232Comm_bsp/\libhal_bsp.a(alt_exception_entry.o) (alt_instruction_exception_entry)
c:/intelfpga/17.1/nios2eds/bin/gnu/h-x86_64-mingw32/bin/../lib/gcc/nios2-elf/5.3.0/../../../../../H-x86_64-mingw32/nios2-elf/lib/mno-hw-mul\libc.a(lib_a-atexit.o)
                              ../Rs232Comm_bsp/\libhal_bsp.a(alt_main.o) (atexit)
c:/intelfpga/17.1/nios2eds/bin/gnu/h-x86_64-mingw32/bin/../lib/gcc/nios2-elf/5.3.0/../../../../../H-x86_64-mingw32/nios2-elf/lib/mno-hw-mul\libc.a(lib_a-exit.o)
                              ../Rs232Comm_bsp/\libhal_bsp.a(alt_main.o) (exit)
c:/intelfpga/17.1/nios2eds/bin/gnu/h-x86_64-mingw32/bin/../lib/gcc/nios2-elf/5.3.0/../../../../../H-x86_64-mingw32/nios2-elf/lib/mno-hw-mul\libc.a(lib_a-impure.o)
                              c:/intelfpga/17.1/nios2eds/bin/gnu/h-x86_64-mingw32/bin/../lib/gcc/nios2-elf/5.3.0/../../../../../H-x86_64-mingw32/nios2-elf/lib/mno-hw-mul\libc.a(lib_a-exit.o) (_global_impure_ptr)
c:/intelfpga/17.1/nios2eds/bin/gnu/h-x86_64-mingw32/bin/../lib/gcc/nios2-elf/5.3.0/../../../../../H-x86_64-mingw32/nios2-elf/lib/mno-hw-mul\libc.a(lib_a-int_errno.o)
                              ../Rs232Comm_bsp/\libhal_bsp.a(altera_avalon_uart_read.o) (errno)
c:/intelfpga/17.1/nios2eds/bin/gnu/h-x86_64-mingw32/bin/../lib/gcc/nios2-elf/5.3.0/../../../../../H-x86_64-mingw32/nios2-elf/lib/mno-hw-mul\libc.a(lib_a-memcmp.o)
                              ../Rs232Comm_bsp/\libhal_bsp.a(alt_find_dev.o) (memcmp)
c:/intelfpga/17.1/nios2eds/bin/gnu/h-x86_64-mingw32/bin/../lib/gcc/nios2-elf/5.3.0/../../../../../H-x86_64-mingw32/nios2-elf/lib/mno-hw-mul\libc.a(lib_a-strlen.o)
                              ../Rs232Comm_bsp/\libhal_bsp.a(alt_find_dev.o) (strlen)
c:/intelfpga/17.1/nios2eds/bin/gnu/h-x86_64-mingw32/bin/../lib/gcc/nios2-elf/5.3.0/../../../../../H-x86_64-mingw32/nios2-elf/lib/mno-hw-mul\libc.a(lib_a-__atexit.o)
                              c:/intelfpga/17.1/nios2eds/bin/gnu/h-x86_64-mingw32/bin/../lib/gcc/nios2-elf/5.3.0/../../../../../H-x86_64-mingw32/nios2-elf/lib/mno-hw-mul\libc.a(lib_a-atexit.o) (__register_exitproc)
c:/intelfpga/17.1/nios2eds/bin/gnu/h-x86_64-mingw32/bin/../lib/gcc/nios2-elf/5.3.0/../../../../../H-x86_64-mingw32/nios2-elf/lib/mno-hw-mul\libc.a(lib_a-__call_atexit.o)
                              c:/intelfpga/17.1/nios2eds/bin/gnu/h-x86_64-mingw32/bin/../lib/gcc/nios2-elf/5.3.0/../../../../../H-x86_64-mingw32/nios2-elf/lib/mno-hw-mul\libc.a(lib_a-exit.o) (__call_exitprocs)
c:/intelfpga/17.1/nios2eds/bin/gnu/h-x86_64-mingw32/bin/../lib/gcc/nios2-elf/5.3.0/mno-hw-mul\libgcc.a(lib2-mul.o)
                              ../Rs232Comm_bsp/\libhal_bsp.a(alt_close.o) (__mulsi3)
../Rs232Comm_bsp/\libhal_bsp.a(alt_exit.o)
                              c:/intelfpga/17.1/nios2eds/bin/gnu/h-x86_64-mingw32/bin/../lib/gcc/nios2-elf/5.3.0/../../../../../H-x86_64-mingw32/nios2-elf/lib/mno-hw-mul\libc.a(lib_a-exit.o) (_exit)

Allocating common symbols
Common symbol       size              file

alt_irq             0x100             ../Rs232Comm_bsp/\libhal_bsp.a(alt_irq_handler.o)
errno               0x4               c:/intelfpga/17.1/nios2eds/bin/gnu/h-x86_64-mingw32/bin/../lib/gcc/nios2-elf/5.3.0/../../../../../H-x86_64-mingw32/nios2-elf/lib/mno-hw-mul\libc.a(lib_a-int_errno.o)

Memory Configuration

Name             Origin             Length             Attributes
reset            0x0000000000001000 0x0000000000000020
onchip_memory2_0 0x0000000000001020 0x0000000000000fe0
*default*        0x0000000000000000 0xffffffffffffffff

Linker script and memory map

LOAD ../Rs232Comm_bsp//obj/HAL/src/crt0.o
LOAD obj/default/hello_world.o
LOAD c:/intelfpga/17.1/nios2eds/bin/gnu/h-x86_64-mingw32/bin/../lib/gcc/nios2-elf/5.3.0/../../../../../H-x86_64-mingw32/nios2-elf/lib/mno-hw-mul\libstdc++.a
LOAD c:/intelfpga/17.1/nios2eds/bin/gnu/h-x86_64-mingw32/bin/../lib/gcc/nios2-elf/5.3.0/../../../../../H-x86_64-mingw32/nios2-elf/lib/mno-hw-mul\libm.a
LOAD c:/intelfpga/17.1/nios2eds/bin/gnu/h-x86_64-mingw32/bin/../lib/gcc/nios2-elf/5.3.0/mno-hw-mul\libgcc.a
START GROUP
LOAD c:/intelfpga/17.1/nios2eds/bin/gnu/h-x86_64-mingw32/bin/../lib/gcc/nios2-elf/5.3.0/../../../../../H-x86_64-mingw32/nios2-elf/lib/mno-hw-mul\libc.a
LOAD c:/intelfpga/17.1/nios2eds/bin/gnu/h-x86_64-mingw32/bin/../lib/gcc/nios2-elf/5.3.0/mno-hw-mul\libgcc.a
LOAD ../Rs232Comm_bsp/\libhal_bsp.a
LOAD c:/intelfpga/17.1/nios2eds/bin/gnu/h-x86_64-mingw32/bin/../lib/gcc/nios2-elf/5.3.0/../../../../../H-x86_64-mingw32/nios2-elf/lib/mno-hw-mul\libm.a
END GROUP
LOAD c:/intelfpga/17.1/nios2eds/bin/gnu/h-x86_64-mingw32/bin/../lib/gcc/nios2-elf/5.3.0/mno-hw-mul\libgcc.a
                0x0000000000001000                __alt_mem_onchip_memory2_0 = 0x1000

.entry          0x0000000000001000       0x20
 *(.entry)
 .entry         0x0000000000001000       0x20 ../Rs232Comm_bsp//obj/HAL/src/crt0.o
                0x0000000000001000                __reset

.exceptions     0x0000000000001020      0x210
                0x0000000000001020                PROVIDE (__ram_exceptions_start, ABSOLUTE (.))
                0x0000000000001020                . = ALIGN (0x20)
 *(.irq)
 *(.exceptions.entry.label)
 .exceptions.entry.label
                0x0000000000001020        0x0 ../Rs232Comm_bsp/\libhal_bsp.a(alt_irq_entry.o)
                0x0000000000001020                alt_irq_entry
 .exceptions.entry.label
                0x0000000000001020        0x0 ../Rs232Comm_bsp/\libhal_bsp.a(alt_exception_entry.o)
                0x0000000000001020                alt_exception
 *(.exceptions.entry.user)
 *(.exceptions.entry.ecc_fatal)
 *(.exceptions.entry)
 .exceptions.entry
                0x0000000000001020       0x54 ../Rs232Comm_bsp/\libhal_bsp.a(alt_exception_entry.o)
 *(.exceptions.irqtest.user)
 *(.exceptions.irqtest)
 .exceptions.irqtest
                0x0000000000001074       0x10 ../Rs232Comm_bsp/\libhal_bsp.a(alt_irq_entry.o)
 *(.exceptions.irqhandler.user)
 *(.exceptions.irqhandler)
 .exceptions.irqhandler
                0x0000000000001084        0x4 ../Rs232Comm_bsp/\libhal_bsp.a(alt_irq_entry.o)
 *(.exceptions.irqreturn.user)
 *(.exceptions.irqreturn)
 .exceptions.irqreturn
                0x0000000000001088        0x4 ../Rs232Comm_bsp/\libhal_bsp.a(alt_irq_entry.o)
 *(.exceptions.notirq.label)
 .exceptions.notirq.label
                0x000000000000108c        0x0 ../Rs232Comm_bsp/\libhal_bsp.a(alt_irq_entry.o)
 *(.exceptions.notirq.user)
 *(.exceptions.notirq)
 .exceptions.notirq
                0x000000000000108c        0x8 ../Rs232Comm_bsp/\libhal_bsp.a(alt_exception_entry.o)
 *(.exceptions.soft.user)
 *(.exceptions.soft)
 *(.exceptions.unknown.user)
 *(.exceptions.unknown)
 .exceptions.unknown
                0x0000000000001094       0x14 ../Rs232Comm_bsp/\libhal_bsp.a(alt_exception_entry.o)
 *(.exceptions.exit.label)
 .exceptions.exit.label
                0x00000000000010a8        0x0 ../Rs232Comm_bsp/\libhal_bsp.a(alt_irq_entry.o)
 .exceptions.exit.label
                0x00000000000010a8        0x0 ../Rs232Comm_bsp/\libhal_bsp.a(alt_exception_entry.o)
 *(.exceptions.exit.user)
 *(.exceptions.exit)
 .exceptions.exit
                0x00000000000010a8       0x54 ../Rs232Comm_bsp/\libhal_bsp.a(alt_exception_entry.o)
 *(.exceptions)
 .exceptions    0x00000000000010fc       0xd4 ../Rs232Comm_bsp/\libhal_bsp.a(alt_irq_handler.o)
                0x00000000000010fc                alt_irq_handler
 .exceptions    0x00000000000011d0       0x60 ../Rs232Comm_bsp/\libhal_bsp.a(alt_instruction_exception_entry.o)
                0x00000000000011d0                alt_instruction_exception_entry
                0x0000000000001230                PROVIDE (__ram_exceptions_end, ABSOLUTE (.))
                0x0000000000001020                PROVIDE (__flash_exceptions_start, LOADADDR (.exceptions))

.text           0x0000000000001230     0x2074
                [!provide]                        PROVIDE (stext, ABSOLUTE (.))
 *(.interp)
 *(.hash)
 *(.dynsym)
 *(.dynstr)
 *(.gnu.version)
 *(.gnu.version_d)
 *(.gnu.version_r)
 *(.rel.init)
 *(.rela.init)
 *(.rel.text .rel.text.* .rel.gnu.linkonce.t.*)
 *(.rela.text .rela.text.* .rela.gnu.linkonce.t.*)
 *(.rel.fini)
 *(.rela.fini)
 *(.rel.rodata .rel.rodata.* .rel.gnu.linkonce.r.*)
 *(.rela.rodata .rela.rodata.* .rela.gnu.linkonce.r.*)
 *(.rel.data .rel.data.* .rel.gnu.linkonce.d.*)
 *(.rela.data .rela.data.* .rela.gnu.linkonce.d.*)
 *(.rel.tdata .rel.tdata.* .rel.gnu.linkonce.td.*)
 *(.rela.tdata .rela.tdata.* .rela.gnu.linkonce.td.*)
 *(.rel.tbss .rel.tbss.* .rel.gnu.linkonce.tb.*)
 *(.rela.tbss .rela.tbss.* .rela.gnu.linkonce.tb.*)
 *(.rel.ctors)
 *(.rela.ctors)
 *(.rel.dtors)
 *(.rela.dtors)
 *(.rel.got)
 *(.rela.got)
 *(.rel.sdata .rel.sdata.* .rel.gnu.linkonce.s.*)
 *(.rela.sdata .rela.sdata.* .rela.gnu.linkonce.s.*)
 *(.rel.sbss .rel.sbss.* .rel.gnu.linkonce.sb.*)
 *(.rela.sbss .rela.sbss.* .rela.gnu.linkonce.sb.*)
 *(.rel.sdata2 .rel.sdata2.* .rel.gnu.linkonce.s2.*)
 *(.rela.sdata2 .rela.sdata2.* .rela.gnu.linkonce.s2.*)
 *(.rel.sbss2 .rel.sbss2.* .rel.gnu.linkonce.sb2.*)
 *(.rela.sbss2 .rela.sbss2.* .rela.gnu.linkonce.sb2.*)
 *(.rel.bss .rel.bss.* .rel.gnu.linkonce.b.*)
 *(.rela.bss .rela.bss.* .rela.gnu.linkonce.b.*)
 *(.rel.plt)
 *(.rela.plt)
 *(.rel.dyn)
 *(.init)
 *(.plt)
 *(.text .stub .text.* .gnu.linkonce.t.*)
 .text          0x0000000000001230       0x3c ../Rs232Comm_bsp//obj/HAL/src/crt0.o
                0x0000000000001230                _start
 .text          0x000000000000126c      0x264 obj/default/hello_world.o
                0x000000000000126c                BitBangUartReceive
                0x00000000000013b8                BitBangUartTransmit
                0x00000000000014b4                main
 .text          0x00000000000014d0        0x0 c:/intelfpga/17.1/nios2eds/bin/gnu/h-x86_64-mingw32/bin/../lib/gcc/nios2-elf/5.3.0/../../../../../H-x86_64-mingw32/nios2-elf/lib/mno-hw-mul\libc.a(lib_a-memcpy.o)
 .text.memcpy   0x00000000000014d0      0x148 c:/intelfpga/17.1/nios2eds/bin/gnu/h-x86_64-mingw32/bin/../lib/gcc/nios2-elf/5.3.0/../../../../../H-x86_64-mingw32/nios2-elf/lib/mno-hw-mul\libc.a(lib_a-memcpy.o)
                0x00000000000014d0                memcpy
 .text          0x0000000000001618       0xec ../Rs232Comm_bsp/\libhal_bsp.a(alt_load.o)
                0x0000000000001680                alt_load
 .text          0x0000000000001704       0x7c ../Rs232Comm_bsp/\libhal_bsp.a(alt_main.o)
                0x0000000000001704                alt_main
 .text          0x0000000000001780       0xb4 ../Rs232Comm_bsp/\libhal_bsp.a(alt_sys_init.o)
                0x00000000000017b4                alt_irq_init
                0x00000000000017ec                alt_sys_init
 .text          0x0000000000001834      0x110 ../Rs232Comm_bsp/\libhal_bsp.a(altera_avalon_uart_fd.o)
                0x0000000000001834                altera_avalon_uart_read_fd
                0x0000000000001894                altera_avalon_uart_write_fd
                0x00000000000018f4                altera_avalon_uart_close_fd
 .text          0x0000000000001944      0x3c8 ../Rs232Comm_bsp/\libhal_bsp.a(altera_avalon_uart_init.o)
                0x0000000000001944                altera_avalon_uart_init
                0x0000000000001cb8                altera_avalon_uart_close
 .text          0x0000000000001d0c      0x218 ../Rs232Comm_bsp/\libhal_bsp.a(altera_avalon_uart_read.o)
                0x0000000000001d48                altera_avalon_uart_read
 .text          0x0000000000001f24      0x1e8 ../Rs232Comm_bsp/\libhal_bsp.a(altera_avalon_uart_write.o)
                0x0000000000001f60                altera_avalon_uart_write
 .text          0x000000000000210c      0x114 ../Rs232Comm_bsp/\libhal_bsp.a(alt_close.o)
                0x0000000000002148                close
 .text          0x0000000000002220       0x20 ../Rs232Comm_bsp/\libhal_bsp.a(alt_dcache_flush_all.o)
                0x0000000000002220                alt_dcache_flush_all
 .text          0x0000000000002240       0x2c ../Rs232Comm_bsp/\libhal_bsp.a(alt_dev.o)
 .text          0x000000000000226c       0xe0 ../Rs232Comm_bsp/\libhal_bsp.a(alt_dev_llist_insert.o)
                0x00000000000022a8                alt_dev_llist_insert
 .text          0x000000000000234c       0x60 ../Rs232Comm_bsp/\libhal_bsp.a(alt_do_ctors.o)
                0x000000000000234c                _do_ctors
 .text          0x00000000000023ac       0x60 ../Rs232Comm_bsp/\libhal_bsp.a(alt_do_dtors.o)
                0x00000000000023ac                _do_dtors
 .text          0x000000000000240c        0x0 ../Rs232Comm_bsp/\libhal_bsp.a(alt_errno.o)
 .text          0x000000000000240c       0x20 ../Rs232Comm_bsp/\libhal_bsp.a(alt_icache_flush_all.o)
                0x000000000000240c                alt_icache_flush_all
 .text          0x000000000000242c      0x1b0 ../Rs232Comm_bsp/\libhal_bsp.a(alt_iic.o)
                0x000000000000242c                alt_ic_isr_register
                0x000000000000247c                alt_ic_irq_enable
                0x0000000000002504                alt_ic_irq_disable
                0x0000000000002590                alt_ic_irq_enabled
 .text          0x00000000000025dc       0xf0 ../Rs232Comm_bsp/\libhal_bsp.a(alt_iic_isr_register.o)
                0x00000000000025dc                alt_iic_isr_register
 .text          0x00000000000026cc      0x160 ../Rs232Comm_bsp/\libhal_bsp.a(alt_io_redirect.o)
                0x00000000000027b0                alt_io_redirect
 .text          0x000000000000282c        0x0 ../Rs232Comm_bsp/\libhal_bsp.a(alt_irq_entry.o)
 .text          0x000000000000282c        0x0 ../Rs232Comm_bsp/\libhal_bsp.a(alt_irq_handler.o)
 .text          0x000000000000282c        0x0 ../Rs232Comm_bsp/\libhal_bsp.a(alt_irq_vars.o)
 .text          0x000000000000282c      0x284 ../Rs232Comm_bsp/\libhal_bsp.a(alt_open.o)
                0x0000000000002954                open
 .text          0x0000000000002ab0       0x84 ../Rs232Comm_bsp/\libhal_bsp.a(alt_release_fd.o)
                0x0000000000002ab0                alt_release_fd
 .text          0x0000000000002b34       0x24 ../Rs232Comm_bsp/\libhal_bsp.a(altera_nios2_gen2_irq.o)
                0x0000000000002b34                altera_nios2_gen2_irq_init
 .text          0x0000000000002b58        0x0 ../Rs232Comm_bsp/\libhal_bsp.a(alt_exception_entry.o)
 .text          0x0000000000002b58       0x90 ../Rs232Comm_bsp/\libhal_bsp.a(alt_find_dev.o)
                0x0000000000002b58                alt_find_dev
 .text          0x0000000000002be8      0x108 ../Rs232Comm_bsp/\libhal_bsp.a(alt_find_file.o)
                0x0000000000002be8                alt_find_file
 .text          0x0000000000002cf0       0xc4 ../Rs232Comm_bsp/\libhal_bsp.a(alt_get_fd.o)
                0x0000000000002cf0                alt_get_fd
 .text          0x0000000000002db4       0x9c ../Rs232Comm_bsp/\libhal_bsp.a(alt_instruction_exception_entry.o)
                0x0000000000002db4                alt_exception_cause_generated_bad_addr
 .text          0x0000000000002e50        0x0 c:/intelfpga/17.1/nios2eds/bin/gnu/h-x86_64-mingw32/bin/../lib/gcc/nios2-elf/5.3.0/../../../../../H-x86_64-mingw32/nios2-elf/lib/mno-hw-mul\libc.a(lib_a-atexit.o)
 .text.atexit   0x0000000000002e50       0x14 c:/intelfpga/17.1/nios2eds/bin/gnu/h-x86_64-mingw32/bin/../lib/gcc/nios2-elf/5.3.0/../../../../../H-x86_64-mingw32/nios2-elf/lib/mno-hw-mul\libc.a(lib_a-atexit.o)
                0x0000000000002e50                atexit
 .text          0x0000000000002e64        0x0 c:/intelfpga/17.1/nios2eds/bin/gnu/h-x86_64-mingw32/bin/../lib/gcc/nios2-elf/5.3.0/../../../../../H-x86_64-mingw32/nios2-elf/lib/mno-hw-mul\libc.a(lib_a-exit.o)
 .text.exit     0x0000000000002e64       0x38 c:/intelfpga/17.1/nios2eds/bin/gnu/h-x86_64-mingw32/bin/../lib/gcc/nios2-elf/5.3.0/../../../../../H-x86_64-mingw32/nios2-elf/lib/mno-hw-mul\libc.a(lib_a-exit.o)
                0x0000000000002e64                exit
 .text          0x0000000000002e9c        0x0 c:/intelfpga/17.1/nios2eds/bin/gnu/h-x86_64-mingw32/bin/../lib/gcc/nios2-elf/5.3.0/../../../../../H-x86_64-mingw32/nios2-elf/lib/mno-hw-mul\libc.a(lib_a-impure.o)
 .text          0x0000000000002e9c        0x0 c:/intelfpga/17.1/nios2eds/bin/gnu/h-x86_64-mingw32/bin/../lib/gcc/nios2-elf/5.3.0/../../../../../H-x86_64-mingw32/nios2-elf/lib/mno-hw-mul\libc.a(lib_a-int_errno.o)
 .text          0x0000000000002e9c        0x0 c:/intelfpga/17.1/nios2eds/bin/gnu/h-x86_64-mingw32/bin/../lib/gcc/nios2-elf/5.3.0/../../../../../H-x86_64-mingw32/nios2-elf/lib/mno-hw-mul\libc.a(lib_a-memcmp.o)
 .text.memcmp   0x0000000000002e9c       0x7c c:/intelfpga/17.1/nios2eds/bin/gnu/h-x86_64-mingw32/bin/../lib/gcc/nios2-elf/5.3.0/../../../../../H-x86_64-mingw32/nios2-elf/lib/mno-hw-mul\libc.a(lib_a-memcmp.o)
                0x0000000000002e9c                memcmp
 .text          0x0000000000002f18        0x0 c:/intelfpga/17.1/nios2eds/bin/gnu/h-x86_64-mingw32/bin/../lib/gcc/nios2-elf/5.3.0/../../../../../H-x86_64-mingw32/nios2-elf/lib/mno-hw-mul\libc.a(lib_a-strlen.o)
 .text.strlen   0x0000000000002f18       0x98 c:/intelfpga/17.1/nios2eds/bin/gnu/h-x86_64-mingw32/bin/../lib/gcc/nios2-elf/5.3.0/../../../../../H-x86_64-mingw32/nios2-elf/lib/mno-hw-mul\libc.a(lib_a-strlen.o)
                0x0000000000002f18                strlen
 .text          0x0000000000002fb0        0x0 c:/intelfpga/17.1/nios2eds/bin/gnu/h-x86_64-mingw32/bin/../lib/gcc/nios2-elf/5.3.0/../../../../../H-x86_64-mingw32/nios2-elf/lib/mno-hw-mul\libc.a(lib_a-__atexit.o)
 .text.__register_exitproc
                0x0000000000002fb0      0x118 c:/intelfpga/17.1/nios2eds/bin/gnu/h-x86_64-mingw32/bin/../lib/gcc/nios2-elf/5.3.0/../../../../../H-x86_64-mingw32/nios2-elf/lib/mno-hw-mul\libc.a(lib_a-__atexit.o)
                0x0000000000002fb0                __register_exitproc
 .text          0x00000000000030c8        0x0 c:/intelfpga/17.1/nios2eds/bin/gnu/h-x86_64-mingw32/bin/../lib/gcc/nios2-elf/5.3.0/../../../../../H-x86_64-mingw32/nios2-elf/lib/mno-hw-mul\libc.a(lib_a-__call_atexit.o)
 .text.__call_exitprocs
                0x00000000000030c8      0x180 c:/intelfpga/17.1/nios2eds/bin/gnu/h-x86_64-mingw32/bin/../lib/gcc/nios2-elf/5.3.0/../../../../../H-x86_64-mingw32/nios2-elf/lib/mno-hw-mul\libc.a(lib_a-__call_atexit.o)
                0x00000000000030c8                __call_exitprocs
 .text          0x0000000000003248       0x28 c:/intelfpga/17.1/nios2eds/bin/gnu/h-x86_64-mingw32/bin/../lib/gcc/nios2-elf/5.3.0/mno-hw-mul\libgcc.a(lib2-mul.o)
                0x0000000000003248                __mulsi3
 .text          0x0000000000003270       0x34 ../Rs232Comm_bsp/\libhal_bsp.a(alt_exit.o)
                0x0000000000003270                _exit
 *(.gnu.warning.*)
 *(.fini)
                [!provide]                        PROVIDE (__etext, ABSOLUTE (.))
                [!provide]                        PROVIDE (_etext, ABSOLUTE (.))
                [!provide]                        PROVIDE (etext, ABSOLUTE (.))
 *(.eh_frame_hdr)
                0x00000000000032a4                . = ALIGN (0x4)
                [!provide]                        PROVIDE (__preinit_array_start, ABSOLUTE (.))
 *(.preinit_array)
                [!provide]                        PROVIDE (__preinit_array_end, ABSOLUTE (.))
                [!provide]                        PROVIDE (__init_array_start, ABSOLUTE (.))
 *(.init_array)
                [!provide]                        PROVIDE (__init_array_end, ABSOLUTE (.))
                [!provide]                        PROVIDE (__fini_array_start, ABSOLUTE (.))
 *(.fini_array)
                [!provide]                        PROVIDE (__fini_array_end, ABSOLUTE (.))
 *(.eh_frame)
 *(.gcc_except_table .gcc_except_table.*)
 *(.dynamic)
                0x00000000000032a4                PROVIDE (__CTOR_LIST__, ABSOLUTE (.))
 *(.ctors)
 *(SORT(.ctors.*))
                0x00000000000032a4                PROVIDE (__CTOR_END__, ABSOLUTE (.))
                0x00000000000032a4                PROVIDE (__DTOR_LIST__, ABSOLUTE (.))
 *(.dtors)
 *(SORT(.dtors.*))
                0x00000000000032a4                PROVIDE (__DTOR_END__, ABSOLUTE (.))
 *(.jcr)
                0x00000000000032a4                . = ALIGN (0x4)

.rodata         0x00000000000032a4       0x54
                0x00000000000032a4                PROVIDE (__ram_rodata_start, ABSOLUTE (.))
                0x00000000000032a4                . = ALIGN (0x4)
 *(.rodata .rodata.* .gnu.linkonce.r.*)
 .rodata        0x00000000000032a4       0x2a obj/default/hello_world.o
 *fill*         0x00000000000032ce        0x2 
 .rodata        0x00000000000032d0        0xc ../Rs232Comm_bsp/\libhal_bsp.a(alt_main.o)
 .rodata        0x00000000000032dc        0xc ../Rs232Comm_bsp/\libhal_bsp.a(alt_sys_init.o)
 .rodata        0x00000000000032e8        0xa ../Rs232Comm_bsp/\libhal_bsp.a(alt_dev.o)
 *fill*         0x00000000000032f2        0x2 
 .rodata.str1.4
                0x00000000000032f4        0x4 c:/intelfpga/17.1/nios2eds/bin/gnu/h-x86_64-mingw32/bin/../lib/gcc/nios2-elf/5.3.0/../../../../../H-x86_64-mingw32/nios2-elf/lib/mno-hw-mul\libc.a(lib_a-impure.o)
                                          0x2 (size before relaxing)
 *(.rodata1)
                0x00000000000032f8                . = ALIGN (0x4)
                0x00000000000032f8                PROVIDE (__ram_rodata_end, ABSOLUTE (.))
                0x00000000000032a4                PROVIDE (__flash_rodata_start, LOADADDR (.rodata))

.rwdata         0x00000000000032f8      0x6b4 load address 0x00000000000039ac
                0x00000000000032f8                PROVIDE (__ram_rwdata_start, ABSOLUTE (.))
                0x00000000000032f8                . = ALIGN (0x4)
 *(.got.plt)
 *(.got)
 *(.data1)
 *(.data .data.* .gnu.linkonce.d.*)
 .data          0x00000000000032f8        0x0 ../Rs232Comm_bsp//obj/HAL/src/crt0.o
 .data          0x00000000000032f8        0x0 obj/default/hello_world.o
 .data          0x00000000000032f8        0x0 c:/intelfpga/17.1/nios2eds/bin/gnu/h-x86_64-mingw32/bin/../lib/gcc/nios2-elf/5.3.0/../../../../../H-x86_64-mingw32/nios2-elf/lib/mno-hw-mul\libc.a(lib_a-memcpy.o)
 .data          0x00000000000032f8        0x0 ../Rs232Comm_bsp/\libhal_bsp.a(alt_load.o)
 .data          0x00000000000032f8        0x0 ../Rs232Comm_bsp/\libhal_bsp.a(alt_main.o)
 .data          0x00000000000032f8       0xc4 ../Rs232Comm_bsp/\libhal_bsp.a(alt_sys_init.o)
 .data          0x00000000000033bc        0x0 ../Rs232Comm_bsp/\libhal_bsp.a(altera_avalon_uart_fd.o)
 .data          0x00000000000033bc        0x0 ../Rs232Comm_bsp/\libhal_bsp.a(altera_avalon_uart_init.o)
 .data          0x00000000000033bc        0x0 ../Rs232Comm_bsp/\libhal_bsp.a(altera_avalon_uart_read.o)
 .data          0x00000000000033bc        0x0 ../Rs232Comm_bsp/\libhal_bsp.a(altera_avalon_uart_write.o)
 .data          0x00000000000033bc        0x0 ../Rs232Comm_bsp/\libhal_bsp.a(alt_close.o)
 .data          0x00000000000033bc        0x0 ../Rs232Comm_bsp/\libhal_bsp.a(alt_dcache_flush_all.o)
 .data          0x00000000000033bc      0x1a8 ../Rs232Comm_bsp/\libhal_bsp.a(alt_dev.o)
                0x00000000000033bc                alt_dev_null
                0x00000000000033e4                alt_fd_list
 .data          0x0000000000003564        0x0 ../Rs232Comm_bsp/\libhal_bsp.a(alt_dev_llist_insert.o)
 .data          0x0000000000003564        0x0 ../Rs232Comm_bsp/\libhal_bsp.a(alt_do_ctors.o)
 .data          0x0000000000003564        0x0 ../Rs232Comm_bsp/\libhal_bsp.a(alt_do_dtors.o)
 .data          0x0000000000003564        0x0 ../Rs232Comm_bsp/\libhal_bsp.a(alt_errno.o)
 .data          0x0000000000003564        0x0 ../Rs232Comm_bsp/\libhal_bsp.a(alt_icache_flush_all.o)
 .data          0x0000000000003564        0x0 ../Rs232Comm_bsp/\libhal_bsp.a(alt_iic.o)
 .data          0x0000000000003564        0x0 ../Rs232Comm_bsp/\libhal_bsp.a(alt_iic_isr_register.o)
 .data          0x0000000000003564        0x0 ../Rs232Comm_bsp/\libhal_bsp.a(alt_io_redirect.o)
 .data          0x0000000000003564        0x0 ../Rs232Comm_bsp/\libhal_bsp.a(alt_irq_entry.o)
 .data          0x0000000000003564        0x0 ../Rs232Comm_bsp/\libhal_bsp.a(alt_irq_handler.o)
 .data          0x0000000000003564        0x0 ../Rs232Comm_bsp/\libhal_bsp.a(alt_irq_vars.o)
 .data          0x0000000000003564        0x0 ../Rs232Comm_bsp/\libhal_bsp.a(alt_open.o)
 .data          0x0000000000003564        0x0 ../Rs232Comm_bsp/\libhal_bsp.a(alt_release_fd.o)
 .data          0x0000000000003564        0x0 ../Rs232Comm_bsp/\libhal_bsp.a(altera_nios2_gen2_irq.o)
 .data          0x0000000000003564        0x0 ../Rs232Comm_bsp/\libhal_bsp.a(alt_exception_entry.o)
 .data          0x0000000000003564        0x0 ../Rs232Comm_bsp/\libhal_bsp.a(alt_find_dev.o)
 .data          0x0000000000003564        0x0 ../Rs232Comm_bsp/\libhal_bsp.a(alt_find_file.o)
 .data          0x0000000000003564        0x0 ../Rs232Comm_bsp/\libhal_bsp.a(alt_get_fd.o)
 .data          0x0000000000003564        0x0 ../Rs232Comm_bsp/\libhal_bsp.a(alt_instruction_exception_entry.o)
 .data          0x0000000000003564        0x0 c:/intelfpga/17.1/nios2eds/bin/gnu/h-x86_64-mingw32/bin/../lib/gcc/nios2-elf/5.3.0/../../../../../H-x86_64-mingw32/nios2-elf/lib/mno-hw-mul\libc.a(lib_a-atexit.o)
 .data          0x0000000000003564        0x0 c:/intelfpga/17.1/nios2eds/bin/gnu/h-x86_64-mingw32/bin/../lib/gcc/nios2-elf/5.3.0/../../../../../H-x86_64-mingw32/nios2-elf/lib/mno-hw-mul\libc.a(lib_a-exit.o)
 .data          0x0000000000003564        0x0 c:/intelfpga/17.1/nios2eds/bin/gnu/h-x86_64-mingw32/bin/../lib/gcc/nios2-elf/5.3.0/../../../../../H-x86_64-mingw32/nios2-elf/lib/mno-hw-mul\libc.a(lib_a-impure.o)
 .data.impure_data
                0x0000000000003564      0x424 c:/intelfpga/17.1/nios2eds/bin/gnu/h-x86_64-mingw32/bin/../lib/gcc/nios2-elf/5.3.0/../../../../../H-x86_64-mingw32/nios2-elf/lib/mno-hw-mul\libc.a(lib_a-impure.o)
 .data          0x0000000000003988        0x0 c:/intelfpga/17.1/nios2eds/bin/gnu/h-x86_64-mingw32/bin/../lib/gcc/nios2-elf/5.3.0/../../../../../H-x86_64-mingw32/nios2-elf/lib/mno-hw-mul\libc.a(lib_a-int_errno.o)
 .data          0x0000000000003988        0x0 c:/intelfpga/17.1/nios2eds/bin/gnu/h-x86_64-mingw32/bin/../lib/gcc/nios2-elf/5.3.0/../../../../../H-x86_64-mingw32/nios2-elf/lib/mno-hw-mul\libc.a(lib_a-memcmp.o)
 .data          0x0000000000003988        0x0 c:/intelfpga/17.1/nios2eds/bin/gnu/h-x86_64-mingw32/bin/../lib/gcc/nios2-elf/5.3.0/../../../../../H-x86_64-mingw32/nios2-elf/lib/mno-hw-mul\libc.a(lib_a-strlen.o)
 .data          0x0000000000003988        0x0 c:/intelfpga/17.1/nios2eds/bin/gnu/h-x86_64-mingw32/bin/../lib/gcc/nios2-elf/5.3.0/../../../../../H-x86_64-mingw32/nios2-elf/lib/mno-hw-mul\libc.a(lib_a-__atexit.o)
 .data          0x0000000000003988        0x0 c:/intelfpga/17.1/nios2eds/bin/gnu/h-x86_64-mingw32/bin/../lib/gcc/nios2-elf/5.3.0/../../../../../H-x86_64-mingw32/nios2-elf/lib/mno-hw-mul\libc.a(lib_a-__call_atexit.o)
 .data          0x0000000000003988        0x0 c:/intelfpga/17.1/nios2eds/bin/gnu/h-x86_64-mingw32/bin/../lib/gcc/nios2-elf/5.3.0/mno-hw-mul\libgcc.a(lib2-mul.o)
 .data          0x0000000000003988        0x0 ../Rs232Comm_bsp/\libhal_bsp.a(alt_exit.o)
                0x000000000000b988                _gp = ABSOLUTE ((. + 0x8000))
                [!provide]                        PROVIDE (gp, _gp)
 *(.rwdata .rwdata.*)
 *(.sdata .sdata.* .gnu.linkonce.s.*)
 .sdata         0x0000000000003988       0x14 ../Rs232Comm_bsp/\libhal_bsp.a(alt_dev.o)
                0x0000000000003988                alt_fs_list
                0x0000000000003990                alt_dev_list
                0x0000000000003998                alt_max_fd
 .sdata         0x000000000000399c        0x4 ../Rs232Comm_bsp/\libhal_bsp.a(alt_errno.o)
                0x000000000000399c                alt_errno
 .sdata         0x00000000000039a0        0x4 ../Rs232Comm_bsp/\libhal_bsp.a(alt_irq_vars.o)
                0x00000000000039a0                alt_priority_mask
 .sdata._global_impure_ptr
                0x00000000000039a4        0x4 c:/intelfpga/17.1/nios2eds/bin/gnu/h-x86_64-mingw32/bin/../lib/gcc/nios2-elf/5.3.0/../../../../../H-x86_64-mingw32/nios2-elf/lib/mno-hw-mul\libc.a(lib_a-impure.o)
                0x00000000000039a4                _global_impure_ptr
 .sdata._impure_ptr
                0x00000000000039a8        0x4 c:/intelfpga/17.1/nios2eds/bin/gnu/h-x86_64-mingw32/bin/../lib/gcc/nios2-elf/5.3.0/../../../../../H-x86_64-mingw32/nios2-elf/lib/mno-hw-mul\libc.a(lib_a-impure.o)
                0x00000000000039a8                _impure_ptr
 *(.sdata2 .sdata2.* .gnu.linkonce.s2.*)
                0x00000000000039ac                . = ALIGN (0x4)
                0x00000000000039ac                _edata = ABSOLUTE (.)
                [!provide]                        PROVIDE (edata, ABSOLUTE (.))
                0x00000000000039ac                PROVIDE (__ram_rwdata_end, ABSOLUTE (.))
                0x00000000000039ac                PROVIDE (__flash_rwdata_start, LOADADDR (.rwdata))

.bss            0x0000000000004060      0x118
                0x0000000000004060                __bss_start = ABSOLUTE (.)
                [!provide]                        PROVIDE (__sbss_start, ABSOLUTE (.))
                [!provide]                        PROVIDE (___sbss_start, ABSOLUTE (.))
 *(.dynsbss)
 *(.sbss .sbss.* .gnu.linkonce.sb.*)
 .sbss          0x0000000000004060        0xc ../Rs232Comm_bsp/\libhal_bsp.a(alt_main.o)
                0x0000000000004060                alt_argc
                0x0000000000004064                alt_argv
                0x0000000000004068                alt_envp
 .sbss          0x000000000000406c        0x4 ../Rs232Comm_bsp/\libhal_bsp.a(alt_irq_vars.o)
                0x000000000000406c                alt_irq_active
 .sbss          0x0000000000004070        0x4 ../Rs232Comm_bsp/\libhal_bsp.a(alt_instruction_exception_entry.o)
                0x0000000000004070                alt_instruction_exception_handler
 .sbss          0x0000000000004074        0x4 c:/intelfpga/17.1/nios2eds/bin/gnu/h-x86_64-mingw32/bin/../lib/gcc/nios2-elf/5.3.0/../../../../../H-x86_64-mingw32/nios2-elf/lib/mno-hw-mul\libc.a(lib_a-int_errno.o)
                0x0000000000004074                errno
 *(.sbss2 .sbss2.* .gnu.linkonce.sb2.*)
 *(.scommon)
                [!provide]                        PROVIDE (__sbss_end, ABSOLUTE (.))
                [!provide]                        PROVIDE (___sbss_end, ABSOLUTE (.))
 *(.dynbss)
 *(.bss .bss.* .gnu.linkonce.b.*)
 .bss           0x0000000000004078        0x0 ../Rs232Comm_bsp//obj/HAL/src/crt0.o
 .bss           0x0000000000004078        0x0 obj/default/hello_world.o
 .bss           0x0000000000004078        0x0 c:/intelfpga/17.1/nios2eds/bin/gnu/h-x86_64-mingw32/bin/../lib/gcc/nios2-elf/5.3.0/../../../../../H-x86_64-mingw32/nios2-elf/lib/mno-hw-mul\libc.a(lib_a-memcpy.o)
 .bss           0x0000000000004078        0x0 ../Rs232Comm_bsp/\libhal_bsp.a(alt_load.o)
 .bss           0x0000000000004078        0x0 ../Rs232Comm_bsp/\libhal_bsp.a(alt_main.o)
 .bss           0x0000000000004078        0x0 ../Rs232Comm_bsp/\libhal_bsp.a(alt_sys_init.o)
 .bss           0x0000000000004078        0x0 ../Rs232Comm_bsp/\libhal_bsp.a(altera_avalon_uart_fd.o)
 .bss           0x0000000000004078        0x0 ../Rs232Comm_bsp/\libhal_bsp.a(altera_avalon_uart_init.o)
 .bss           0x0000000000004078        0x0 ../Rs232Comm_bsp/\libhal_bsp.a(altera_avalon_uart_read.o)
 .bss           0x0000000000004078        0x0 ../Rs232Comm_bsp/\libhal_bsp.a(altera_avalon_uart_write.o)
 .bss           0x0000000000004078        0x0 ../Rs232Comm_bsp/\libhal_bsp.a(alt_close.o)
 .bss           0x0000000000004078        0x0 ../Rs232Comm_bsp/\libhal_bsp.a(alt_dcache_flush_all.o)
 .bss           0x0000000000004078        0x0 ../Rs232Comm_bsp/\libhal_bsp.a(alt_dev.o)
 .bss           0x0000000000004078        0x0 ../Rs232Comm_bsp/\libhal_bsp.a(alt_dev_llist_insert.o)
 .bss           0x0000000000004078        0x0 ../Rs232Comm_bsp/\libhal_bsp.a(alt_do_ctors.o)
 .bss           0x0000000000004078        0x0 ../Rs232Comm_bsp/\libhal_bsp.a(alt_do_dtors.o)
 .bss           0x0000000000004078        0x0 ../Rs232Comm_bsp/\libhal_bsp.a(alt_errno.o)
 .bss           0x0000000000004078        0x0 ../Rs232Comm_bsp/\libhal_bsp.a(alt_icache_flush_all.o)
 .bss           0x0000000000004078        0x0 ../Rs232Comm_bsp/\libhal_bsp.a(alt_iic.o)
 .bss           0x0000000000004078        0x0 ../Rs232Comm_bsp/\libhal_bsp.a(alt_iic_isr_register.o)
 .bss           0x0000000000004078        0x0 ../Rs232Comm_bsp/\libhal_bsp.a(alt_io_redirect.o)
 .bss           0x0000000000004078        0x0 ../Rs232Comm_bsp/\libhal_bsp.a(alt_irq_entry.o)
 .bss           0x0000000000004078        0x0 ../Rs232Comm_bsp/\libhal_bsp.a(alt_irq_handler.o)
 .bss           0x0000000000004078        0x0 ../Rs232Comm_bsp/\libhal_bsp.a(alt_irq_vars.o)
 .bss           0x0000000000004078        0x0 ../Rs232Comm_bsp/\libhal_bsp.a(alt_open.o)
 .bss           0x0000000000004078        0x0 ../Rs232Comm_bsp/\libhal_bsp.a(alt_release_fd.o)
 .bss           0x0000000000004078        0x0 ../Rs232Comm_bsp/\libhal_bsp.a(altera_nios2_gen2_irq.o)
 .bss           0x0000000000004078        0x0 ../Rs232Comm_bsp/\libhal_bsp.a(alt_exception_entry.o)
 .bss           0x0000000000004078        0x0 ../Rs232Comm_bsp/\libhal_bsp.a(alt_find_dev.o)
 .bss           0x0000000000004078        0x0 ../Rs232Comm_bsp/\libhal_bsp.a(alt_find_file.o)
 .bss           0x0000000000004078        0x0 ../Rs232Comm_bsp/\libhal_bsp.a(alt_get_fd.o)
 .bss           0x0000000000004078        0x0 ../Rs232Comm_bsp/\libhal_bsp.a(alt_instruction_exception_entry.o)
 .bss           0x0000000000004078        0x0 c:/intelfpga/17.1/nios2eds/bin/gnu/h-x86_64-mingw32/bin/../lib/gcc/nios2-elf/5.3.0/../../../../../H-x86_64-mingw32/nios2-elf/lib/mno-hw-mul\libc.a(lib_a-atexit.o)
 .bss           0x0000000000004078        0x0 c:/intelfpga/17.1/nios2eds/bin/gnu/h-x86_64-mingw32/bin/../lib/gcc/nios2-elf/5.3.0/../../../../../H-x86_64-mingw32/nios2-elf/lib/mno-hw-mul\libc.a(lib_a-exit.o)
 .bss           0x0000000000004078        0x0 c:/intelfpga/17.1/nios2eds/bin/gnu/h-x86_64-mingw32/bin/../lib/gcc/nios2-elf/5.3.0/../../../../../H-x86_64-mingw32/nios2-elf/lib/mno-hw-mul\libc.a(lib_a-impure.o)
 .bss           0x0000000000004078        0x0 c:/intelfpga/17.1/nios2eds/bin/gnu/h-x86_64-mingw32/bin/../lib/gcc/nios2-elf/5.3.0/../../../../../H-x86_64-mingw32/nios2-elf/lib/mno-hw-mul\libc.a(lib_a-int_errno.o)
 .bss           0x0000000000004078        0x0 c:/intelfpga/17.1/nios2eds/bin/gnu/h-x86_64-mingw32/bin/../lib/gcc/nios2-elf/5.3.0/../../../../../H-x86_64-mingw32/nios2-elf/lib/mno-hw-mul\libc.a(lib_a-memcmp.o)
 .bss           0x0000000000004078        0x0 c:/intelfpga/17.1/nios2eds/bin/gnu/h-x86_64-mingw32/bin/../lib/gcc/nios2-elf/5.3.0/../../../../../H-x86_64-mingw32/nios2-elf/lib/mno-hw-mul\libc.a(lib_a-strlen.o)
 .bss           0x0000000000004078        0x0 c:/intelfpga/17.1/nios2eds/bin/gnu/h-x86_64-mingw32/bin/../lib/gcc/nios2-elf/5.3.0/../../../../../H-x86_64-mingw32/nios2-elf/lib/mno-hw-mul\libc.a(lib_a-__atexit.o)
 .bss           0x0000000000004078        0x0 c:/intelfpga/17.1/nios2eds/bin/gnu/h-x86_64-mingw32/bin/../lib/gcc/nios2-elf/5.3.0/../../../../../H-x86_64-mingw32/nios2-elf/lib/mno-hw-mul\libc.a(lib_a-__call_atexit.o)
 .bss           0x0000000000004078        0x0 c:/intelfpga/17.1/nios2eds/bin/gnu/h-x86_64-mingw32/bin/../lib/gcc/nios2-elf/5.3.0/mno-hw-mul\libgcc.a(lib2-mul.o)
 .bss           0x0000000000004078        0x0 ../Rs232Comm_bsp/\libhal_bsp.a(alt_exit.o)
 *(COMMON)
 COMMON         0x0000000000004078      0x100 ../Rs232Comm_bsp/\libhal_bsp.a(alt_irq_handler.o)
                0x0000000000004078                alt_irq
                0x0000000000004178                . = ALIGN (0x4)
                0x0000000000004178                __bss_end = ABSOLUTE (.)

.onchip_memory2_0
                0x0000000000004178        0x0
                [!provide]                        PROVIDE (_alt_partition_onchip_memory2_0_start, ABSOLUTE (.))
 *(.onchip_memory2_0 .onchip_memory2_0. onchip_memory2_0.*)
                0x0000000000004178                . = ALIGN (0x4)
                [!provide]                        PROVIDE (_alt_partition_onchip_memory2_0_end, ABSOLUTE (.))
                0x0000000000004178                _end = ABSOLUTE (.)
                0x0000000000004178                end = ABSOLUTE (.)
                0x0000000000004178                __alt_stack_base = ABSOLUTE (.)
                [!provide]                        PROVIDE (_alt_partition_onchip_memory2_0_load_addr, LOADADDR (.onchip_memory2_0))

.stab
 *(.stab)

.stabstr
 *(.stabstr)

.stab.excl
 *(.stab.excl)

.stab.exclstr
 *(.stab.exclstr)

.stab.index
 *(.stab.index)

.stab.indexstr
 *(.stab.indexstr)

.comment        0x0000000000000000       0x23
 *(.comment)
 .comment       0x0000000000000000       0x23 obj/default/hello_world.o
                                         0x24 (size before relaxing)
 .comment       0x0000000000000023       0x24 c:/intelfpga/17.1/nios2eds/bin/gnu/h-x86_64-mingw32/bin/../lib/gcc/nios2-elf/5.3.0/../../../../../H-x86_64-mingw32/nios2-elf/lib/mno-hw-mul\libc.a(lib_a-memcpy.o)
 .comment       0x0000000000000023       0x24 ../Rs232Comm_bsp/\libhal_bsp.a(alt_load.o)
 .comment       0x0000000000000023       0x24 ../Rs232Comm_bsp/\libhal_bsp.a(alt_main.o)
 .comment       0x0000000000000023       0x24 ../Rs232Comm_bsp/\libhal_bsp.a(alt_sys_init.o)
 .comment       0x0000000000000023       0x24 ../Rs232Comm_bsp/\libhal_bsp.a(altera_avalon_uart_fd.o)
 .comment       0x0000000000000023       0x24 ../Rs232Comm_bsp/\libhal_bsp.a(altera_avalon_uart_init.o)
 .comment       0x0000000000000023       0x24 ../Rs232Comm_bsp/\libhal_bsp.a(altera_avalon_uart_read.o)
 .comment       0x0000000000000023       0x24 ../Rs232Comm_bsp/\libhal_bsp.a(altera_avalon_uart_write.o)
 .comment       0x0000000000000023       0x24 ../Rs232Comm_bsp/\libhal_bsp.a(alt_close.o)
 .comment       0x0000000000000023       0x24 ../Rs232Comm_bsp/\libhal_bsp.a(alt_dcache_flush_all.o)
 .comment       0x0000000000000023       0x24 ../Rs232Comm_bsp/\libhal_bsp.a(alt_dev.o)
 .comment       0x0000000000000023       0x24 ../Rs232Comm_bsp/\libhal_bsp.a(alt_dev_llist_insert.o)
 .comment       0x0000000000000023       0x24 ../Rs232Comm_bsp/\libhal_bsp.a(alt_do_ctors.o)
 .comment       0x0000000000000023       0x24 ../Rs232Comm_bsp/\libhal_bsp.a(alt_do_dtors.o)
 .comment       0x0000000000000023       0x24 ../Rs232Comm_bsp/\libhal_bsp.a(alt_errno.o)
 .comment       0x0000000000000023       0x24 ../Rs232Comm_bsp/\libhal_bsp.a(alt_icache_flush_all.o)
 .comment       0x0000000000000023       0x24 ../Rs232Comm_bsp/\libhal_bsp.a(alt_iic.o)
 .comment       0x0000000000000023       0x24 ../Rs232Comm_bsp/\libhal_bsp.a(alt_iic_isr_register.o)
 .comment       0x0000000000000023       0x24 ../Rs232Comm_bsp/\libhal_bsp.a(alt_io_redirect.o)
 .comment       0x0000000000000023       0x24 ../Rs232Comm_bsp/\libhal_bsp.a(alt_irq_handler.o)
 .comment       0x0000000000000023       0x24 ../Rs232Comm_bsp/\libhal_bsp.a(alt_irq_vars.o)
 .comment       0x0000000000000023       0x24 ../Rs232Comm_bsp/\libhal_bsp.a(alt_open.o)
 .comment       0x0000000000000023       0x24 ../Rs232Comm_bsp/\libhal_bsp.a(alt_release_fd.o)
 .comment       0x0000000000000023       0x24 ../Rs232Comm_bsp/\libhal_bsp.a(altera_nios2_gen2_irq.o)
 .comment       0x0000000000000023       0x24 ../Rs232Comm_bsp/\libhal_bsp.a(alt_find_dev.o)
 .comment       0x0000000000000023       0x24 ../Rs232Comm_bsp/\libhal_bsp.a(alt_find_file.o)
 .comment       0x0000000000000023       0x24 ../Rs232Comm_bsp/\libhal_bsp.a(alt_get_fd.o)
 .comment       0x0000000000000023       0x24 ../Rs232Comm_bsp/\libhal_bsp.a(alt_instruction_exception_entry.o)
 .comment       0x0000000000000023       0x24 c:/intelfpga/17.1/nios2eds/bin/gnu/h-x86_64-mingw32/bin/../lib/gcc/nios2-elf/5.3.0/../../../../../H-x86_64-mingw32/nios2-elf/lib/mno-hw-mul\libc.a(lib_a-atexit.o)
 .comment       0x0000000000000023       0x24 c:/intelfpga/17.1/nios2eds/bin/gnu/h-x86_64-mingw32/bin/../lib/gcc/nios2-elf/5.3.0/../../../../../H-x86_64-mingw32/nios2-elf/lib/mno-hw-mul\libc.a(lib_a-exit.o)
 .comment       0x0000000000000023       0x24 c:/intelfpga/17.1/nios2eds/bin/gnu/h-x86_64-mingw32/bin/../lib/gcc/nios2-elf/5.3.0/../../../../../H-x86_64-mingw32/nios2-elf/lib/mno-hw-mul\libc.a(lib_a-impure.o)
 .comment       0x0000000000000023       0x24 c:/intelfpga/17.1/nios2eds/bin/gnu/h-x86_64-mingw32/bin/../lib/gcc/nios2-elf/5.3.0/../../../../../H-x86_64-mingw32/nios2-elf/lib/mno-hw-mul\libc.a(lib_a-int_errno.o)
 .comment       0x0000000000000023       0x24 c:/intelfpga/17.1/nios2eds/bin/gnu/h-x86_64-mingw32/bin/../lib/gcc/nios2-elf/5.3.0/../../../../../H-x86_64-mingw32/nios2-elf/lib/mno-hw-mul\libc.a(lib_a-memcmp.o)
 .comment       0x0000000000000023       0x24 c:/intelfpga/17.1/nios2eds/bin/gnu/h-x86_64-mingw32/bin/../lib/gcc/nios2-elf/5.3.0/../../../../../H-x86_64-mingw32/nios2-elf/lib/mno-hw-mul\libc.a(lib_a-strlen.o)
 .comment       0x0000000000000023       0x24 c:/intelfpga/17.1/nios2eds/bin/gnu/h-x86_64-mingw32/bin/../lib/gcc/nios2-elf/5.3.0/../../../../../H-x86_64-mingw32/nios2-elf/lib/mno-hw-mul\libc.a(lib_a-__atexit.o)
 .comment       0x0000000000000023       0x24 c:/intelfpga/17.1/nios2eds/bin/gnu/h-x86_64-mingw32/bin/../lib/gcc/nios2-elf/5.3.0/../../../../../H-x86_64-mingw32/nios2-elf/lib/mno-hw-mul\libc.a(lib_a-__call_atexit.o)
 .comment       0x0000000000000023       0x24 c:/intelfpga/17.1/nios2eds/bin/gnu/h-x86_64-mingw32/bin/../lib/gcc/nios2-elf/5.3.0/mno-hw-mul\libgcc.a(lib2-mul.o)
 .comment       0x0000000000000023       0x24 ../Rs232Comm_bsp/\libhal_bsp.a(alt_exit.o)

.debug
 *(.debug)

.line
 *(.line)

.debug_srcinfo
 *(.debug_srcinfo)

.debug_sfnames
 *(.debug_sfnames)

.debug_aranges  0x0000000000000000      0x558
 *(.debug_aranges)
 .debug_aranges
                0x0000000000000000       0x28 ../Rs232Comm_bsp//obj/HAL/src/crt0.o
 .debug_aranges
                0x0000000000000028       0x20 obj/default/hello_world.o
 .debug_aranges
                0x0000000000000048       0x20 c:/intelfpga/17.1/nios2eds/bin/gnu/h-x86_64-mingw32/bin/../lib/gcc/nios2-elf/5.3.0/../../../../../H-x86_64-mingw32/nios2-elf/lib/mno-hw-mul\libc.a(lib_a-memcpy.o)
 .debug_aranges
                0x0000000000000068       0x20 ../Rs232Comm_bsp/\libhal_bsp.a(alt_load.o)
 .debug_aranges
                0x0000000000000088       0x20 ../Rs232Comm_bsp/\libhal_bsp.a(alt_main.o)
 .debug_aranges
                0x00000000000000a8       0x20 ../Rs232Comm_bsp/\libhal_bsp.a(alt_sys_init.o)
 .debug_aranges
                0x00000000000000c8       0x20 ../Rs232Comm_bsp/\libhal_bsp.a(altera_avalon_uart_fd.o)
 .debug_aranges
                0x00000000000000e8       0x20 ../Rs232Comm_bsp/\libhal_bsp.a(altera_avalon_uart_init.o)
 .debug_aranges
                0x0000000000000108       0x20 ../Rs232Comm_bsp/\libhal_bsp.a(altera_avalon_uart_read.o)
 .debug_aranges
                0x0000000000000128       0x20 ../Rs232Comm_bsp/\libhal_bsp.a(altera_avalon_uart_write.o)
 .debug_aranges
                0x0000000000000148       0x20 ../Rs232Comm_bsp/\libhal_bsp.a(alt_close.o)
 .debug_aranges
                0x0000000000000168       0x20 ../Rs232Comm_bsp/\libhal_bsp.a(alt_dcache_flush_all.o)
 .debug_aranges
                0x0000000000000188       0x20 ../Rs232Comm_bsp/\libhal_bsp.a(alt_dev.o)
 .debug_aranges
                0x00000000000001a8       0x20 ../Rs232Comm_bsp/\libhal_bsp.a(alt_dev_llist_insert.o)
 .debug_aranges
                0x00000000000001c8       0x20 ../Rs232Comm_bsp/\libhal_bsp.a(alt_do_ctors.o)
 .debug_aranges
                0x00000000000001e8       0x20 ../Rs232Comm_bsp/\libhal_bsp.a(alt_do_dtors.o)
 .debug_aranges
                0x0000000000000208       0x18 ../Rs232Comm_bsp/\libhal_bsp.a(alt_errno.o)
 .debug_aranges
                0x0000000000000220       0x20 ../Rs232Comm_bsp/\libhal_bsp.a(alt_icache_flush_all.o)
 .debug_aranges
                0x0000000000000240       0x20 ../Rs232Comm_bsp/\libhal_bsp.a(alt_iic.o)
 .debug_aranges
                0x0000000000000260       0x20 ../Rs232Comm_bsp/\libhal_bsp.a(alt_iic_isr_register.o)
 .debug_aranges
                0x0000000000000280       0x20 ../Rs232Comm_bsp/\libhal_bsp.a(alt_io_redirect.o)
 .debug_aranges
                0x00000000000002a0       0x30 ../Rs232Comm_bsp/\libhal_bsp.a(alt_irq_entry.o)
 .debug_aranges
                0x00000000000002d0       0x20 ../Rs232Comm_bsp/\libhal_bsp.a(alt_irq_handler.o)
 .debug_aranges
                0x00000000000002f0       0x18 ../Rs232Comm_bsp/\libhal_bsp.a(alt_irq_vars.o)
 .debug_aranges
                0x0000000000000308       0x20 ../Rs232Comm_bsp/\libhal_bsp.a(alt_open.o)
 .debug_aranges
                0x0000000000000328       0x20 ../Rs232Comm_bsp/\libhal_bsp.a(alt_release_fd.o)
 .debug_aranges
                0x0000000000000348       0x20 ../Rs232Comm_bsp/\libhal_bsp.a(altera_nios2_gen2_irq.o)
 .debug_aranges
                0x0000000000000368       0x38 ../Rs232Comm_bsp/\libhal_bsp.a(alt_exception_entry.o)
 .debug_aranges
                0x00000000000003a0       0x20 ../Rs232Comm_bsp/\libhal_bsp.a(alt_find_dev.o)
 .debug_aranges
                0x00000000000003c0       0x20 ../Rs232Comm_bsp/\libhal_bsp.a(alt_find_file.o)
 .debug_aranges
                0x00000000000003e0       0x20 ../Rs232Comm_bsp/\libhal_bsp.a(alt_get_fd.o)
 .debug_aranges
                0x0000000000000400       0x28 ../Rs232Comm_bsp/\libhal_bsp.a(alt_instruction_exception_entry.o)
 .debug_aranges
                0x0000000000000428       0x20 c:/intelfpga/17.1/nios2eds/bin/gnu/h-x86_64-mingw32/bin/../lib/gcc/nios2-elf/5.3.0/../../../../../H-x86_64-mingw32/nios2-elf/lib/mno-hw-mul\libc.a(lib_a-atexit.o)
 .debug_aranges
                0x0000000000000448       0x20 c:/intelfpga/17.1/nios2eds/bin/gnu/h-x86_64-mingw32/bin/../lib/gcc/nios2-elf/5.3.0/../../../../../H-x86_64-mingw32/nios2-elf/lib/mno-hw-mul\libc.a(lib_a-exit.o)
 .debug_aranges
                0x0000000000000468       0x18 c:/intelfpga/17.1/nios2eds/bin/gnu/h-x86_64-mingw32/bin/../lib/gcc/nios2-elf/5.3.0/../../../../../H-x86_64-mingw32/nios2-elf/lib/mno-hw-mul\libc.a(lib_a-impure.o)
 .debug_aranges
                0x0000000000000480       0x18 c:/intelfpga/17.1/nios2eds/bin/gnu/h-x86_64-mingw32/bin/../lib/gcc/nios2-elf/5.3.0/../../../../../H-x86_64-mingw32/nios2-elf/lib/mno-hw-mul\libc.a(lib_a-int_errno.o)
 .debug_aranges
                0x0000000000000498       0x20 c:/intelfpga/17.1/nios2eds/bin/gnu/h-x86_64-mingw32/bin/../lib/gcc/nios2-elf/5.3.0/../../../../../H-x86_64-mingw32/nios2-elf/lib/mno-hw-mul\libc.a(lib_a-memcmp.o)
 .debug_aranges
                0x00000000000004b8       0x20 c:/intelfpga/17.1/nios2eds/bin/gnu/h-x86_64-mingw32/bin/../lib/gcc/nios2-elf/5.3.0/../../../../../H-x86_64-mingw32/nios2-elf/lib/mno-hw-mul\libc.a(lib_a-strlen.o)
 .debug_aranges
                0x00000000000004d8       0x20 c:/intelfpga/17.1/nios2eds/bin/gnu/h-x86_64-mingw32/bin/../lib/gcc/nios2-elf/5.3.0/../../../../../H-x86_64-mingw32/nios2-elf/lib/mno-hw-mul\libc.a(lib_a-__atexit.o)
 .debug_aranges
                0x00000000000004f8       0x20 c:/intelfpga/17.1/nios2eds/bin/gnu/h-x86_64-mingw32/bin/../lib/gcc/nios2-elf/5.3.0/../../../../../H-x86_64-mingw32/nios2-elf/lib/mno-hw-mul\libc.a(lib_a-__call_atexit.o)
 .debug_aranges
                0x0000000000000518       0x20 c:/intelfpga/17.1/nios2eds/bin/gnu/h-x86_64-mingw32/bin/../lib/gcc/nios2-elf/5.3.0/mno-hw-mul\libgcc.a(lib2-mul.o)
 .debug_aranges
                0x0000000000000538       0x20 ../Rs232Comm_bsp/\libhal_bsp.a(alt_exit.o)

.debug_pubnames
 *(.debug_pubnames)

.debug_info     0x0000000000000000     0x6b5f
 *(.debug_info .gnu.linkonce.wi.*)
 .debug_info    0x0000000000000000       0x66 ../Rs232Comm_bsp//obj/HAL/src/crt0.o
 .debug_info    0x0000000000000066      0x14f obj/default/hello_world.o
 .debug_info    0x00000000000001b5      0x144 c:/intelfpga/17.1/nios2eds/bin/gnu/h-x86_64-mingw32/bin/../lib/gcc/nios2-elf/5.3.0/../../../../../H-x86_64-mingw32/nios2-elf/lib/mno-hw-mul\libc.a(lib_a-memcpy.o)
 .debug_info    0x00000000000002f9      0x145 ../Rs232Comm_bsp/\libhal_bsp.a(alt_load.o)
 .debug_info    0x000000000000043e      0x131 ../Rs232Comm_bsp/\libhal_bsp.a(alt_main.o)
 .debug_info    0x000000000000056f      0x42d ../Rs232Comm_bsp/\libhal_bsp.a(alt_sys_init.o)
 .debug_info    0x000000000000099c      0x447 ../Rs232Comm_bsp/\libhal_bsp.a(altera_avalon_uart_fd.o)
 .debug_info    0x0000000000000de3      0x333 ../Rs232Comm_bsp/\libhal_bsp.a(altera_avalon_uart_init.o)
 .debug_info    0x0000000000001116      0x319 ../Rs232Comm_bsp/\libhal_bsp.a(altera_avalon_uart_read.o)
 .debug_info    0x000000000000142f      0x31e ../Rs232Comm_bsp/\libhal_bsp.a(altera_avalon_uart_write.o)
 .debug_info    0x000000000000174d      0x321 ../Rs232Comm_bsp/\libhal_bsp.a(alt_close.o)
 .debug_info    0x0000000000001a6e       0x92 ../Rs232Comm_bsp/\libhal_bsp.a(alt_dcache_flush_all.o)
 .debug_info    0x0000000000001b00      0x49c ../Rs232Comm_bsp/\libhal_bsp.a(alt_dev.o)
 .debug_info    0x0000000000001f9c      0x1a9 ../Rs232Comm_bsp/\libhal_bsp.a(alt_dev_llist_insert.o)
 .debug_info    0x0000000000002145       0x83 ../Rs232Comm_bsp/\libhal_bsp.a(alt_do_ctors.o)
 .debug_info    0x00000000000021c8       0x83 ../Rs232Comm_bsp/\libhal_bsp.a(alt_do_dtors.o)
 .debug_info    0x000000000000224b       0xa6 ../Rs232Comm_bsp/\libhal_bsp.a(alt_errno.o)
 .debug_info    0x00000000000022f1       0x92 ../Rs232Comm_bsp/\libhal_bsp.a(alt_icache_flush_all.o)
 .debug_info    0x0000000000002383      0x350 ../Rs232Comm_bsp/\libhal_bsp.a(alt_iic.o)
 .debug_info    0x00000000000026d3      0x1ef ../Rs232Comm_bsp/\libhal_bsp.a(alt_iic_isr_register.o)
 .debug_info    0x00000000000028c2      0x4a5 ../Rs232Comm_bsp/\libhal_bsp.a(alt_io_redirect.o)
 .debug_info    0x0000000000002d67       0x6f ../Rs232Comm_bsp/\libhal_bsp.a(alt_irq_entry.o)
 .debug_info    0x0000000000002dd6      0x187 ../Rs232Comm_bsp/\libhal_bsp.a(alt_irq_handler.o)
 .debug_info    0x0000000000002f5d       0x88 ../Rs232Comm_bsp/\libhal_bsp.a(alt_irq_vars.o)
 .debug_info    0x0000000000002fe5      0x3bb ../Rs232Comm_bsp/\libhal_bsp.a(alt_open.o)
 .debug_info    0x00000000000033a0      0x2b0 ../Rs232Comm_bsp/\libhal_bsp.a(alt_release_fd.o)
 .debug_info    0x0000000000003650       0x92 ../Rs232Comm_bsp/\libhal_bsp.a(altera_nios2_gen2_irq.o)
 .debug_info    0x00000000000036e2       0x75 ../Rs232Comm_bsp/\libhal_bsp.a(alt_exception_entry.o)
 .debug_info    0x0000000000003757      0x2e9 ../Rs232Comm_bsp/\libhal_bsp.a(alt_find_dev.o)
 .debug_info    0x0000000000003a40      0x2e6 ../Rs232Comm_bsp/\libhal_bsp.a(alt_find_file.o)
 .debug_info    0x0000000000003d26      0x310 ../Rs232Comm_bsp/\libhal_bsp.a(alt_get_fd.o)
 .debug_info    0x0000000000004036      0x1e7 ../Rs232Comm_bsp/\libhal_bsp.a(alt_instruction_exception_entry.o)
 .debug_info    0x000000000000421d       0xfe c:/intelfpga/17.1/nios2eds/bin/gnu/h-x86_64-mingw32/bin/../lib/gcc/nios2-elf/5.3.0/../../../../../H-x86_64-mingw32/nios2-elf/lib/mno-hw-mul\libc.a(lib_a-atexit.o)
 .debug_info    0x000000000000431b      0x8e4 c:/intelfpga/17.1/nios2eds/bin/gnu/h-x86_64-mingw32/bin/../lib/gcc/nios2-elf/5.3.0/../../../../../H-x86_64-mingw32/nios2-elf/lib/mno-hw-mul\libc.a(lib_a-exit.o)
 .debug_info    0x0000000000004bff      0x8a1 c:/intelfpga/17.1/nios2eds/bin/gnu/h-x86_64-mingw32/bin/../lib/gcc/nios2-elf/5.3.0/../../../../../H-x86_64-mingw32/nios2-elf/lib/mno-hw-mul\libc.a(lib_a-impure.o)
 .debug_info    0x00000000000054a0       0x8a c:/intelfpga/17.1/nios2eds/bin/gnu/h-x86_64-mingw32/bin/../lib/gcc/nios2-elf/5.3.0/../../../../../H-x86_64-mingw32/nios2-elf/lib/mno-hw-mul\libc.a(lib_a-int_errno.o)
 .debug_info    0x000000000000552a      0x11a c:/intelfpga/17.1/nios2eds/bin/gnu/h-x86_64-mingw32/bin/../lib/gcc/nios2-elf/5.3.0/../../../../../H-x86_64-mingw32/nios2-elf/lib/mno-hw-mul\libc.a(lib_a-memcmp.o)
 .debug_info    0x0000000000005644       0xe2 c:/intelfpga/17.1/nios2eds/bin/gnu/h-x86_64-mingw32/bin/../lib/gcc/nios2-elf/5.3.0/../../../../../H-x86_64-mingw32/nios2-elf/lib/mno-hw-mul\libc.a(lib_a-strlen.o)
 .debug_info    0x0000000000005726      0x934 c:/intelfpga/17.1/nios2eds/bin/gnu/h-x86_64-mingw32/bin/../lib/gcc/nios2-elf/5.3.0/../../../../../H-x86_64-mingw32/nios2-elf/lib/mno-hw-mul\libc.a(lib_a-__atexit.o)
 .debug_info    0x000000000000605a      0x965 c:/intelfpga/17.1/nios2eds/bin/gnu/h-x86_64-mingw32/bin/../lib/gcc/nios2-elf/5.3.0/../../../../../H-x86_64-mingw32/nios2-elf/lib/mno-hw-mul\libc.a(lib_a-__call_atexit.o)
 .debug_info    0x00000000000069bf       0xb4 c:/intelfpga/17.1/nios2eds/bin/gnu/h-x86_64-mingw32/bin/../lib/gcc/nios2-elf/5.3.0/mno-hw-mul\libgcc.a(lib2-mul.o)
 .debug_info    0x0000000000006a73       0xec ../Rs232Comm_bsp/\libhal_bsp.a(alt_exit.o)

.debug_abbrev   0x0000000000000000     0x24e2
 *(.debug_abbrev)
 .debug_abbrev  0x0000000000000000       0x12 ../Rs232Comm_bsp//obj/HAL/src/crt0.o
 .debug_abbrev  0x0000000000000012       0xa2 obj/default/hello_world.o
 .debug_abbrev  0x00000000000000b4       0xa3 c:/intelfpga/17.1/nios2eds/bin/gnu/h-x86_64-mingw32/bin/../lib/gcc/nios2-elf/5.3.0/../../../../../H-x86_64-mingw32/nios2-elf/lib/mno-hw-mul\libc.a(lib_a-memcpy.o)
 .debug_abbrev  0x0000000000000157       0x9f ../Rs232Comm_bsp/\libhal_bsp.a(alt_load.o)
 .debug_abbrev  0x00000000000001f6       0xba ../Rs232Comm_bsp/\libhal_bsp.a(alt_main.o)
 .debug_abbrev  0x00000000000002b0      0x169 ../Rs232Comm_bsp/\libhal_bsp.a(alt_sys_init.o)
 .debug_abbrev  0x0000000000000419      0x109 ../Rs232Comm_bsp/\libhal_bsp.a(altera_avalon_uart_fd.o)
 .debug_abbrev  0x0000000000000522      0x178 ../Rs232Comm_bsp/\libhal_bsp.a(altera_avalon_uart_init.o)
 .debug_abbrev  0x000000000000069a      0x183 ../Rs232Comm_bsp/\libhal_bsp.a(altera_avalon_uart_read.o)
 .debug_abbrev  0x000000000000081d      0x18a ../Rs232Comm_bsp/\libhal_bsp.a(altera_avalon_uart_write.o)
 .debug_abbrev  0x00000000000009a7      0x11f ../Rs232Comm_bsp/\libhal_bsp.a(alt_close.o)
 .debug_abbrev  0x0000000000000ac6       0x42 ../Rs232Comm_bsp/\libhal_bsp.a(alt_dcache_flush_all.o)
 .debug_abbrev  0x0000000000000b08       0xd9 ../Rs232Comm_bsp/\libhal_bsp.a(alt_dev.o)
 .debug_abbrev  0x0000000000000be1      0x114 ../Rs232Comm_bsp/\libhal_bsp.a(alt_dev_llist_insert.o)
 .debug_abbrev  0x0000000000000cf5       0x79 ../Rs232Comm_bsp/\libhal_bsp.a(alt_do_ctors.o)
 .debug_abbrev  0x0000000000000d6e       0x79 ../Rs232Comm_bsp/\libhal_bsp.a(alt_do_dtors.o)
 .debug_abbrev  0x0000000000000de7       0x5a ../Rs232Comm_bsp/\libhal_bsp.a(alt_errno.o)
 .debug_abbrev  0x0000000000000e41       0x42 ../Rs232Comm_bsp/\libhal_bsp.a(alt_icache_flush_all.o)
 .debug_abbrev  0x0000000000000e83      0x163 ../Rs232Comm_bsp/\libhal_bsp.a(alt_iic.o)
 .debug_abbrev  0x0000000000000fe6      0x169 ../Rs232Comm_bsp/\libhal_bsp.a(alt_iic_isr_register.o)
 .debug_abbrev  0x000000000000114f      0x114 ../Rs232Comm_bsp/\libhal_bsp.a(alt_io_redirect.o)
 .debug_abbrev  0x0000000000001263       0x12 ../Rs232Comm_bsp/\libhal_bsp.a(alt_irq_entry.o)
 .debug_abbrev  0x0000000000001275      0x122 ../Rs232Comm_bsp/\libhal_bsp.a(alt_irq_handler.o)
 .debug_abbrev  0x0000000000001397       0x40 ../Rs232Comm_bsp/\libhal_bsp.a(alt_irq_vars.o)
 .debug_abbrev  0x00000000000013d7      0x148 ../Rs232Comm_bsp/\libhal_bsp.a(alt_open.o)
 .debug_abbrev  0x000000000000151f       0xde ../Rs232Comm_bsp/\libhal_bsp.a(alt_release_fd.o)
 .debug_abbrev  0x00000000000015fd       0x42 ../Rs232Comm_bsp/\libhal_bsp.a(altera_nios2_gen2_irq.o)
 .debug_abbrev  0x000000000000163f       0x12 ../Rs232Comm_bsp/\libhal_bsp.a(alt_exception_entry.o)
 .debug_abbrev  0x0000000000001651       0xf0 ../Rs232Comm_bsp/\libhal_bsp.a(alt_find_dev.o)
 .debug_abbrev  0x0000000000001741       0xf0 ../Rs232Comm_bsp/\libhal_bsp.a(alt_find_file.o)
 .debug_abbrev  0x0000000000001831      0x10d ../Rs232Comm_bsp/\libhal_bsp.a(alt_get_fd.o)
 .debug_abbrev  0x000000000000193e       0xdc ../Rs232Comm_bsp/\libhal_bsp.a(alt_instruction_exception_entry.o)
 .debug_abbrev  0x0000000000001a1a       0xaa c:/intelfpga/17.1/nios2eds/bin/gnu/h-x86_64-mingw32/bin/../lib/gcc/nios2-elf/5.3.0/../../../../../H-x86_64-mingw32/nios2-elf/lib/mno-hw-mul\libc.a(lib_a-atexit.o)
 .debug_abbrev  0x0000000000001ac4      0x1e5 c:/intelfpga/17.1/nios2eds/bin/gnu/h-x86_64-mingw32/bin/../lib/gcc/nios2-elf/5.3.0/../../../../../H-x86_64-mingw32/nios2-elf/lib/mno-hw-mul\libc.a(lib_a-exit.o)
 .debug_abbrev  0x0000000000001ca9      0x18f c:/intelfpga/17.1/nios2eds/bin/gnu/h-x86_64-mingw32/bin/../lib/gcc/nios2-elf/5.3.0/../../../../../H-x86_64-mingw32/nios2-elf/lib/mno-hw-mul\libc.a(lib_a-impure.o)
 .debug_abbrev  0x0000000000001e38       0x37 c:/intelfpga/17.1/nios2eds/bin/gnu/h-x86_64-mingw32/bin/../lib/gcc/nios2-elf/5.3.0/../../../../../H-x86_64-mingw32/nios2-elf/lib/mno-hw-mul\libc.a(lib_a-int_errno.o)
 .debug_abbrev  0x0000000000001e6f       0x7f c:/intelfpga/17.1/nios2eds/bin/gnu/h-x86_64-mingw32/bin/../lib/gcc/nios2-elf/5.3.0/../../../../../H-x86_64-mingw32/nios2-elf/lib/mno-hw-mul\libc.a(lib_a-memcmp.o)
 .debug_abbrev  0x0000000000001eee       0x90 c:/intelfpga/17.1/nios2eds/bin/gnu/h-x86_64-mingw32/bin/../lib/gcc/nios2-elf/5.3.0/../../../../../H-x86_64-mingw32/nios2-elf/lib/mno-hw-mul\libc.a(lib_a-strlen.o)
 .debug_abbrev  0x0000000000001f7e      0x21e c:/intelfpga/17.1/nios2eds/bin/gnu/h-x86_64-mingw32/bin/../lib/gcc/nios2-elf/5.3.0/../../../../../H-x86_64-mingw32/nios2-elf/lib/mno-hw-mul\libc.a(lib_a-__atexit.o)
 .debug_abbrev  0x000000000000219c      0x22e c:/intelfpga/17.1/nios2eds/bin/gnu/h-x86_64-mingw32/bin/../lib/gcc/nios2-elf/5.3.0/../../../../../H-x86_64-mingw32/nios2-elf/lib/mno-hw-mul\libc.a(lib_a-__call_atexit.o)
 .debug_abbrev  0x00000000000023ca       0x6f c:/intelfpga/17.1/nios2eds/bin/gnu/h-x86_64-mingw32/bin/../lib/gcc/nios2-elf/5.3.0/mno-hw-mul\libgcc.a(lib2-mul.o)
 .debug_abbrev  0x0000000000002439       0xa9 ../Rs232Comm_bsp/\libhal_bsp.a(alt_exit.o)

.debug_line     0x0000000000000000     0x265a
 *(.debug_line)
 .debug_line    0x0000000000000000       0x66 ../Rs232Comm_bsp//obj/HAL/src/crt0.o
 .debug_line    0x0000000000000066       0xe2 obj/default/hello_world.o
 .debug_line    0x0000000000000148      0x18c c:/intelfpga/17.1/nios2eds/bin/gnu/h-x86_64-mingw32/bin/../lib/gcc/nios2-elf/5.3.0/../../../../../H-x86_64-mingw32/nios2-elf/lib/mno-hw-mul\libc.a(lib_a-memcpy.o)
 .debug_line    0x00000000000002d4       0x8e ../Rs232Comm_bsp/\libhal_bsp.a(alt_load.o)
 .debug_line    0x0000000000000362       0xa4 ../Rs232Comm_bsp/\libhal_bsp.a(alt_main.o)
 .debug_line    0x0000000000000406      0x10e ../Rs232Comm_bsp/\libhal_bsp.a(alt_sys_init.o)
 .debug_line    0x0000000000000514       0xee ../Rs232Comm_bsp/\libhal_bsp.a(altera_avalon_uart_fd.o)
 .debug_line    0x0000000000000602      0x18f ../Rs232Comm_bsp/\libhal_bsp.a(altera_avalon_uart_init.o)
 .debug_line    0x0000000000000791      0x17e ../Rs232Comm_bsp/\libhal_bsp.a(altera_avalon_uart_read.o)
 .debug_line    0x000000000000090f      0x165 ../Rs232Comm_bsp/\libhal_bsp.a(altera_avalon_uart_write.o)
 .debug_line    0x0000000000000a74      0x160 ../Rs232Comm_bsp/\libhal_bsp.a(alt_close.o)
 .debug_line    0x0000000000000bd4       0x51 ../Rs232Comm_bsp/\libhal_bsp.a(alt_dcache_flush_all.o)
 .debug_line    0x0000000000000c25       0xf3 ../Rs232Comm_bsp/\libhal_bsp.a(alt_dev.o)
 .debug_line    0x0000000000000d18       0xcf ../Rs232Comm_bsp/\libhal_bsp.a(alt_dev_llist_insert.o)
 .debug_line    0x0000000000000de7       0x59 ../Rs232Comm_bsp/\libhal_bsp.a(alt_do_ctors.o)
 .debug_line    0x0000000000000e40       0x59 ../Rs232Comm_bsp/\libhal_bsp.a(alt_do_dtors.o)
 .debug_line    0x0000000000000e99       0x51 ../Rs232Comm_bsp/\libhal_bsp.a(alt_errno.o)
 .debug_line    0x0000000000000eea       0x4f ../Rs232Comm_bsp/\libhal_bsp.a(alt_icache_flush_all.o)
 .debug_line    0x0000000000000f39       0xeb ../Rs232Comm_bsp/\libhal_bsp.a(alt_iic.o)
 .debug_line    0x0000000000001024       0xdb ../Rs232Comm_bsp/\libhal_bsp.a(alt_iic_isr_register.o)
 .debug_line    0x00000000000010ff      0x130 ../Rs232Comm_bsp/\libhal_bsp.a(alt_io_redirect.o)
 .debug_line    0x000000000000122f       0x6b ../Rs232Comm_bsp/\libhal_bsp.a(alt_irq_entry.o)
 .debug_line    0x000000000000129a       0xaa ../Rs232Comm_bsp/\libhal_bsp.a(alt_irq_handler.o)
 .debug_line    0x0000000000001344       0x50 ../Rs232Comm_bsp/\libhal_bsp.a(alt_irq_vars.o)
 .debug_line    0x0000000000001394      0x12b ../Rs232Comm_bsp/\libhal_bsp.a(alt_open.o)
 .debug_line    0x00000000000014bf       0xb0 ../Rs232Comm_bsp/\libhal_bsp.a(alt_release_fd.o)
 .debug_line    0x000000000000156f       0x51 ../Rs232Comm_bsp/\libhal_bsp.a(altera_nios2_gen2_irq.o)
 .debug_line    0x00000000000015c0       0xb3 ../Rs232Comm_bsp/\libhal_bsp.a(alt_exception_entry.o)
 .debug_line    0x0000000000001673       0xb5 ../Rs232Comm_bsp/\libhal_bsp.a(alt_find_dev.o)
 .debug_line    0x0000000000001728       0xd1 ../Rs232Comm_bsp/\libhal_bsp.a(alt_find_file.o)
 .debug_line    0x00000000000017f9       0xd7 ../Rs232Comm_bsp/\libhal_bsp.a(alt_get_fd.o)
 .debug_line    0x00000000000018d0       0xb9 ../Rs232Comm_bsp/\libhal_bsp.a(alt_instruction_exception_entry.o)
 .debug_line    0x0000000000001989       0xe7 c:/intelfpga/17.1/nios2eds/bin/gnu/h-x86_64-mingw32/bin/../lib/gcc/nios2-elf/5.3.0/../../../../../H-x86_64-mingw32/nios2-elf/lib/mno-hw-mul\libc.a(lib_a-atexit.o)
 .debug_line    0x0000000000001a70      0x1fc c:/intelfpga/17.1/nios2eds/bin/gnu/h-x86_64-mingw32/bin/../lib/gcc/nios2-elf/5.3.0/../../../../../H-x86_64-mingw32/nios2-elf/lib/mno-hw-mul\libc.a(lib_a-exit.o)
 .debug_line    0x0000000000001c6c      0x160 c:/intelfpga/17.1/nios2eds/bin/gnu/h-x86_64-mingw32/bin/../lib/gcc/nios2-elf/5.3.0/../../../../../H-x86_64-mingw32/nios2-elf/lib/mno-hw-mul\libc.a(lib_a-impure.o)
 .debug_line    0x0000000000001dcc       0x5f c:/intelfpga/17.1/nios2eds/bin/gnu/h-x86_64-mingw32/bin/../lib/gcc/nios2-elf/5.3.0/../../../../../H-x86_64-mingw32/nios2-elf/lib/mno-hw-mul\libc.a(lib_a-int_errno.o)
 .debug_line    0x0000000000001e2b      0x176 c:/intelfpga/17.1/nios2eds/bin/gnu/h-x86_64-mingw32/bin/../lib/gcc/nios2-elf/5.3.0/../../../../../H-x86_64-mingw32/nios2-elf/lib/mno-hw-mul\libc.a(lib_a-memcmp.o)
 .debug_line    0x0000000000001fa1      0x16f c:/intelfpga/17.1/nios2eds/bin/gnu/h-x86_64-mingw32/bin/../lib/gcc/nios2-elf/5.3.0/../../../../../H-x86_64-mingw32/nios2-elf/lib/mno-hw-mul\libc.a(lib_a-strlen.o)
 .debug_line    0x0000000000002110      0x21f c:/intelfpga/17.1/nios2eds/bin/gnu/h-x86_64-mingw32/bin/../lib/gcc/nios2-elf/5.3.0/../../../../../H-x86_64-mingw32/nios2-elf/lib/mno-hw-mul\libc.a(lib_a-__atexit.o)
 .debug_line    0x000000000000232f      0x23a c:/intelfpga/17.1/nios2eds/bin/gnu/h-x86_64-mingw32/bin/../lib/gcc/nios2-elf/5.3.0/../../../../../H-x86_64-mingw32/nios2-elf/lib/mno-hw-mul\libc.a(lib_a-__call_atexit.o)
 .debug_line    0x0000000000002569       0x80 c:/intelfpga/17.1/nios2eds/bin/gnu/h-x86_64-mingw32/bin/../lib/gcc/nios2-elf/5.3.0/mno-hw-mul\libgcc.a(lib2-mul.o)
 .debug_line    0x00000000000025e9       0x71 ../Rs232Comm_bsp/\libhal_bsp.a(alt_exit.o)

.debug_frame    0x0000000000000000      0xa7c
 *(.debug_frame)
 .debug_frame   0x0000000000000000       0x78 obj/default/hello_world.o
 .debug_frame   0x0000000000000078       0x38 c:/intelfpga/17.1/nios2eds/bin/gnu/h-x86_64-mingw32/bin/../lib/gcc/nios2-elf/5.3.0/../../../../../H-x86_64-mingw32/nios2-elf/lib/mno-hw-mul\libc.a(lib_a-memcpy.o)
 .debug_frame   0x00000000000000b0       0x5c ../Rs232Comm_bsp/\libhal_bsp.a(alt_load.o)
 .debug_frame   0x000000000000010c       0x2c ../Rs232Comm_bsp/\libhal_bsp.a(alt_main.o)
 .debug_frame   0x0000000000000138       0x88 ../Rs232Comm_bsp/\libhal_bsp.a(alt_sys_init.o)
 .debug_frame   0x00000000000001c0       0x88 ../Rs232Comm_bsp/\libhal_bsp.a(altera_avalon_uart_fd.o)
 .debug_frame   0x0000000000000248       0xcc ../Rs232Comm_bsp/\libhal_bsp.a(altera_avalon_uart_init.o)
 .debug_frame   0x0000000000000314       0x60 ../Rs232Comm_bsp/\libhal_bsp.a(altera_avalon_uart_read.o)
 .debug_frame   0x0000000000000374       0x60 ../Rs232Comm_bsp/\libhal_bsp.a(altera_avalon_uart_write.o)
 .debug_frame   0x00000000000003d4       0x60 ../Rs232Comm_bsp/\libhal_bsp.a(alt_close.o)
 .debug_frame   0x0000000000000434       0x34 ../Rs232Comm_bsp/\libhal_bsp.a(alt_dcache_flush_all.o)
 .debug_frame   0x0000000000000468       0x34 ../Rs232Comm_bsp/\libhal_bsp.a(alt_dev.o)
 .debug_frame   0x000000000000049c       0x60 ../Rs232Comm_bsp/\libhal_bsp.a(alt_dev_llist_insert.o)
 .debug_frame   0x00000000000004fc       0x38 ../Rs232Comm_bsp/\libhal_bsp.a(alt_do_ctors.o)
 .debug_frame   0x0000000000000534       0x38 ../Rs232Comm_bsp/\libhal_bsp.a(alt_do_dtors.o)
 .debug_frame   0x000000000000056c       0x34 ../Rs232Comm_bsp/\libhal_bsp.a(alt_icache_flush_all.o)
 .debug_frame   0x00000000000005a0       0xa4 ../Rs232Comm_bsp/\libhal_bsp.a(alt_iic.o)
 .debug_frame   0x0000000000000644       0x38 ../Rs232Comm_bsp/\libhal_bsp.a(alt_iic_isr_register.o)
 .debug_frame   0x000000000000067c       0x64 ../Rs232Comm_bsp/\libhal_bsp.a(alt_io_redirect.o)
 .debug_frame   0x00000000000006e0       0x38 ../Rs232Comm_bsp/\libhal_bsp.a(alt_irq_handler.o)
 .debug_frame   0x0000000000000718       0x8c ../Rs232Comm_bsp/\libhal_bsp.a(alt_open.o)
 .debug_frame   0x00000000000007a4       0x3c ../Rs232Comm_bsp/\libhal_bsp.a(alt_release_fd.o)
 .debug_frame   0x00000000000007e0       0x34 ../Rs232Comm_bsp/\libhal_bsp.a(altera_nios2_gen2_irq.o)
 .debug_frame   0x0000000000000814       0x38 ../Rs232Comm_bsp/\libhal_bsp.a(alt_find_dev.o)
 .debug_frame   0x000000000000084c       0x38 ../Rs232Comm_bsp/\libhal_bsp.a(alt_find_file.o)
 .debug_frame   0x0000000000000884       0x3c ../Rs232Comm_bsp/\libhal_bsp.a(alt_get_fd.o)
 .debug_frame   0x00000000000008c0       0x5c ../Rs232Comm_bsp/\libhal_bsp.a(alt_instruction_exception_entry.o)
 .debug_frame   0x000000000000091c       0x20 c:/intelfpga/17.1/nios2eds/bin/gnu/h-x86_64-mingw32/bin/../lib/gcc/nios2-elf/5.3.0/../../../../../H-x86_64-mingw32/nios2-elf/lib/mno-hw-mul\libc.a(lib_a-atexit.o)
 .debug_frame   0x000000000000093c       0x28 c:/intelfpga/17.1/nios2eds/bin/gnu/h-x86_64-mingw32/bin/../lib/gcc/nios2-elf/5.3.0/../../../../../H-x86_64-mingw32/nios2-elf/lib/mno-hw-mul\libc.a(lib_a-exit.o)
 .debug_frame   0x0000000000000964       0x20 c:/intelfpga/17.1/nios2eds/bin/gnu/h-x86_64-mingw32/bin/../lib/gcc/nios2-elf/5.3.0/../../../../../H-x86_64-mingw32/nios2-elf/lib/mno-hw-mul\libc.a(lib_a-memcmp.o)
 .debug_frame   0x0000000000000984       0x20 c:/intelfpga/17.1/nios2eds/bin/gnu/h-x86_64-mingw32/bin/../lib/gcc/nios2-elf/5.3.0/../../../../../H-x86_64-mingw32/nios2-elf/lib/mno-hw-mul\libc.a(lib_a-strlen.o)
 .debug_frame   0x00000000000009a4       0x38 c:/intelfpga/17.1/nios2eds/bin/gnu/h-x86_64-mingw32/bin/../lib/gcc/nios2-elf/5.3.0/../../../../../H-x86_64-mingw32/nios2-elf/lib/mno-hw-mul\libc.a(lib_a-__atexit.o)
 .debug_frame   0x00000000000009dc       0x54 c:/intelfpga/17.1/nios2eds/bin/gnu/h-x86_64-mingw32/bin/../lib/gcc/nios2-elf/5.3.0/../../../../../H-x86_64-mingw32/nios2-elf/lib/mno-hw-mul\libc.a(lib_a-__call_atexit.o)
 .debug_frame   0x0000000000000a30       0x20 c:/intelfpga/17.1/nios2eds/bin/gnu/h-x86_64-mingw32/bin/../lib/gcc/nios2-elf/5.3.0/mno-hw-mul\libgcc.a(lib2-mul.o)
 .debug_frame   0x0000000000000a50       0x2c ../Rs232Comm_bsp/\libhal_bsp.a(alt_exit.o)

.debug_str      0x0000000000000000     0x1a22
 *(.debug_str)
 .debug_str     0x0000000000000000      0x153 obj/default/hello_world.o
                                        0x191 (size before relaxing)
 .debug_str     0x0000000000000153      0x16d c:/intelfpga/17.1/nios2eds/bin/gnu/h-x86_64-mingw32/bin/../lib/gcc/nios2-elf/5.3.0/../../../../../H-x86_64-mingw32/nios2-elf/lib/mno-hw-mul\libc.a(lib_a-memcpy.o)
                                        0x20b (size before relaxing)
 .debug_str     0x00000000000002c0      0x123 ../Rs232Comm_bsp/\libhal_bsp.a(alt_load.o)
                                        0x20a (size before relaxing)
 .debug_str     0x00000000000003e3       0x70 ../Rs232Comm_bsp/\libhal_bsp.a(alt_main.o)
                                        0x195 (size before relaxing)
 .debug_str     0x0000000000000453      0x14b ../Rs232Comm_bsp/\libhal_bsp.a(alt_sys_init.o)
                                        0x2d1 (size before relaxing)
 .debug_str     0x000000000000059e       0x84 ../Rs232Comm_bsp/\libhal_bsp.a(altera_avalon_uart_fd.o)
                                        0x2ed (size before relaxing)
 .debug_str     0x0000000000000622       0xbc ../Rs232Comm_bsp/\libhal_bsp.a(altera_avalon_uart_init.o)
                                        0x2af (size before relaxing)
 .debug_str     0x00000000000006de       0x94 ../Rs232Comm_bsp/\libhal_bsp.a(altera_avalon_uart_read.o)
                                        0x290 (size before relaxing)
 .debug_str     0x0000000000000772       0x49 ../Rs232Comm_bsp/\libhal_bsp.a(altera_avalon_uart_write.o)
                                        0x284 (size before relaxing)
 .debug_str     0x00000000000007bb       0x2c ../Rs232Comm_bsp/\libhal_bsp.a(alt_close.o)
                                        0x203 (size before relaxing)
 .debug_str     0x00000000000007e7       0x34 ../Rs232Comm_bsp/\libhal_bsp.a(alt_dcache_flush_all.o)
                                        0x14d (size before relaxing)
 .debug_str     0x000000000000081b      0x120 ../Rs232Comm_bsp/\libhal_bsp.a(alt_dev.o)
                                        0x2fd (size before relaxing)
 .debug_str     0x000000000000093b       0x45 ../Rs232Comm_bsp/\libhal_bsp.a(alt_dev_llist_insert.o)
                                        0x1c4 (size before relaxing)
 .debug_str     0x0000000000000980       0x48 ../Rs232Comm_bsp/\libhal_bsp.a(alt_do_ctors.o)
                                         0xc8 (size before relaxing)
 .debug_str     0x00000000000009c8       0x4c ../Rs232Comm_bsp/\libhal_bsp.a(alt_do_dtors.o)
                                         0xc7 (size before relaxing)
 .debug_str     0x0000000000000a14       0x14 ../Rs232Comm_bsp/\libhal_bsp.a(alt_errno.o)
                                        0x13d (size before relaxing)
 .debug_str     0x0000000000000a28       0x34 ../Rs232Comm_bsp/\libhal_bsp.a(alt_icache_flush_all.o)
                                        0x14d (size before relaxing)
 .debug_str     0x0000000000000a5c       0xbd ../Rs232Comm_bsp/\libhal_bsp.a(alt_iic.o)
                                        0x236 (size before relaxing)
 .debug_str     0x0000000000000b19       0x4c ../Rs232Comm_bsp/\libhal_bsp.a(alt_iic_isr_register.o)
                                        0x1e0 (size before relaxing)
 .debug_str     0x0000000000000b65       0x56 ../Rs232Comm_bsp/\libhal_bsp.a(alt_io_redirect.o)
                                        0x30e (size before relaxing)
 .debug_str     0x0000000000000bbb       0x3a ../Rs232Comm_bsp/\libhal_bsp.a(alt_irq_handler.o)
                                        0x18f (size before relaxing)
 .debug_str     0x0000000000000bf5       0x17 ../Rs232Comm_bsp/\libhal_bsp.a(alt_irq_vars.o)
                                        0x132 (size before relaxing)
 .debug_str     0x0000000000000c0c       0x29 ../Rs232Comm_bsp/\libhal_bsp.a(alt_open.o)
                                        0x243 (size before relaxing)
 .debug_str     0x0000000000000c35       0x28 ../Rs232Comm_bsp/\libhal_bsp.a(alt_release_fd.o)
                                        0x1cb (size before relaxing)
 .debug_str     0x0000000000000c5d       0x3b ../Rs232Comm_bsp/\libhal_bsp.a(altera_nios2_gen2_irq.o)
                                        0x154 (size before relaxing)
 .debug_str     0x0000000000000c98       0x24 ../Rs232Comm_bsp/\libhal_bsp.a(alt_find_dev.o)
                                        0x1e4 (size before relaxing)
 .debug_str     0x0000000000000cbc       0x26 ../Rs232Comm_bsp/\libhal_bsp.a(alt_find_file.o)
                                        0x1f2 (size before relaxing)
 .debug_str     0x0000000000000ce2       0x30 ../Rs232Comm_bsp/\libhal_bsp.a(alt_get_fd.o)
                                        0x214 (size before relaxing)
 .debug_str     0x0000000000000d12      0x48b ../Rs232Comm_bsp/\libhal_bsp.a(alt_instruction_exception_entry.o)
                                        0x598 (size before relaxing)
 .debug_str     0x000000000000119d      0x110 c:/intelfpga/17.1/nios2eds/bin/gnu/h-x86_64-mingw32/bin/../lib/gcc/nios2-elf/5.3.0/../../../../../H-x86_64-mingw32/nios2-elf/lib/mno-hw-mul\libc.a(lib_a-atexit.o)
                                        0x221 (size before relaxing)
 .debug_str     0x00000000000012ad      0x3b5 c:/intelfpga/17.1/nios2eds/bin/gnu/h-x86_64-mingw32/bin/../lib/gcc/nios2-elf/5.3.0/../../../../../H-x86_64-mingw32/nios2-elf/lib/mno-hw-mul\libc.a(lib_a-exit.o)
                                        0x5be (size before relaxing)
 .debug_str     0x0000000000001662       0xd6 c:/intelfpga/17.1/nios2eds/bin/gnu/h-x86_64-mingw32/bin/../lib/gcc/nios2-elf/5.3.0/../../../../../H-x86_64-mingw32/nios2-elf/lib/mno-hw-mul\libc.a(lib_a-impure.o)
                                        0x5b5 (size before relaxing)
 .debug_str     0x0000000000001738       0x3f c:/intelfpga/17.1/nios2eds/bin/gnu/h-x86_64-mingw32/bin/../lib/gcc/nios2-elf/5.3.0/../../../../../H-x86_64-mingw32/nios2-elf/lib/mno-hw-mul\libc.a(lib_a-int_errno.o)
                                        0x1dd (size before relaxing)
 .debug_str     0x0000000000001777       0x44 c:/intelfpga/17.1/nios2eds/bin/gnu/h-x86_64-mingw32/bin/../lib/gcc/nios2-elf/5.3.0/../../../../../H-x86_64-mingw32/nios2-elf/lib/mno-hw-mul\libc.a(lib_a-memcmp.o)
                                        0x1e4 (size before relaxing)
 .debug_str     0x00000000000017bb       0x51 c:/intelfpga/17.1/nios2eds/bin/gnu/h-x86_64-mingw32/bin/../lib/gcc/nios2-elf/5.3.0/../../../../../H-x86_64-mingw32/nios2-elf/lib/mno-hw-mul\libc.a(lib_a-strlen.o)
                                        0x1f7 (size before relaxing)
 .debug_str     0x000000000000180c       0x3f c:/intelfpga/17.1/nios2eds/bin/gnu/h-x86_64-mingw32/bin/../lib/gcc/nios2-elf/5.3.0/../../../../../H-x86_64-mingw32/nios2-elf/lib/mno-hw-mul\libc.a(lib_a-__atexit.o)
                                        0x5f6 (size before relaxing)
 .debug_str     0x000000000000184b       0x65 c:/intelfpga/17.1/nios2eds/bin/gnu/h-x86_64-mingw32/bin/../lib/gcc/nios2-elf/5.3.0/../../../../../H-x86_64-mingw32/nios2-elf/lib/mno-hw-mul\libc.a(lib_a-__call_atexit.o)
                                        0x5e2 (size before relaxing)
 .debug_str     0x00000000000018b0      0x148 c:/intelfpga/17.1/nios2eds/bin/gnu/h-x86_64-mingw32/bin/../lib/gcc/nios2-elf/5.3.0/mno-hw-mul\libgcc.a(lib2-mul.o)
                                        0x193 (size before relaxing)
 .debug_str     0x00000000000019f8       0x2a ../Rs232Comm_bsp/\libhal_bsp.a(alt_exit.o)
                                        0x149 (size before relaxing)

.debug_loc      0x0000000000000000      0x803
 *(.debug_loc)
 .debug_loc     0x0000000000000000      0x266 c:/intelfpga/17.1/nios2eds/bin/gnu/h-x86_64-mingw32/bin/../lib/gcc/nios2-elf/5.3.0/../../../../../H-x86_64-mingw32/nios2-elf/lib/mno-hw-mul\libc.a(lib_a-memcpy.o)
 .debug_loc     0x0000000000000266       0x2c c:/intelfpga/17.1/nios2eds/bin/gnu/h-x86_64-mingw32/bin/../lib/gcc/nios2-elf/5.3.0/../../../../../H-x86_64-mingw32/nios2-elf/lib/mno-hw-mul\libc.a(lib_a-atexit.o)
 .debug_loc     0x0000000000000292       0x1e c:/intelfpga/17.1/nios2eds/bin/gnu/h-x86_64-mingw32/bin/../lib/gcc/nios2-elf/5.3.0/../../../../../H-x86_64-mingw32/nios2-elf/lib/mno-hw-mul\libc.a(lib_a-exit.o)
 .debug_loc     0x00000000000002b0      0x126 c:/intelfpga/17.1/nios2eds/bin/gnu/h-x86_64-mingw32/bin/../lib/gcc/nios2-elf/5.3.0/../../../../../H-x86_64-mingw32/nios2-elf/lib/mno-hw-mul\libc.a(lib_a-memcmp.o)
 .debug_loc     0x00000000000003d6       0x47 c:/intelfpga/17.1/nios2eds/bin/gnu/h-x86_64-mingw32/bin/../lib/gcc/nios2-elf/5.3.0/../../../../../H-x86_64-mingw32/nios2-elf/lib/mno-hw-mul\libc.a(lib_a-strlen.o)
 .debug_loc     0x000000000000041d      0x185 c:/intelfpga/17.1/nios2eds/bin/gnu/h-x86_64-mingw32/bin/../lib/gcc/nios2-elf/5.3.0/../../../../../H-x86_64-mingw32/nios2-elf/lib/mno-hw-mul\libc.a(lib_a-__atexit.o)
 .debug_loc     0x00000000000005a2      0x1ce c:/intelfpga/17.1/nios2eds/bin/gnu/h-x86_64-mingw32/bin/../lib/gcc/nios2-elf/5.3.0/../../../../../H-x86_64-mingw32/nios2-elf/lib/mno-hw-mul\libc.a(lib_a-__call_atexit.o)
 .debug_loc     0x0000000000000770       0x93 c:/intelfpga/17.1/nios2eds/bin/gnu/h-x86_64-mingw32/bin/../lib/gcc/nios2-elf/5.3.0/mno-hw-mul\libgcc.a(lib2-mul.o)

.debug_macinfo
 *(.debug_macinfo)

.debug_weaknames
 *(.debug_weaknames)

.debug_funcnames
 *(.debug_funcnames)

.debug_typenames
 *(.debug_typenames)

.debug_varnames
 *(.debug_varnames)

.debug_alt_sim_info
                0x0000000000000000       0x10
 *(.debug_alt_sim_info)
 .debug_alt_sim_info
                0x0000000000000000       0x10 ../Rs232Comm_bsp//obj/HAL/src/crt0.o
                0x0000000000002000                __alt_data_end = 0x2000
                0x0000000000002000                PROVIDE (__alt_stack_pointer, __alt_data_end)
                [!provide]                        PROVIDE (__alt_stack_limit, __alt_stack_base)
                [!provide]                        PROVIDE (__alt_heap_start, end)
                [!provide]                        PROVIDE (__alt_heap_limit, 0x2000)
OUTPUT(Rs232Comm.elf elf32-littlenios2)

.debug_ranges   0x0000000000000000      0x130
 .debug_ranges  0x0000000000000000       0x20 ../Rs232Comm_bsp//obj/HAL/src/crt0.o
 .debug_ranges  0x0000000000000020       0x10 c:/intelfpga/17.1/nios2eds/bin/gnu/h-x86_64-mingw32/bin/../lib/gcc/nios2-elf/5.3.0/../../../../../H-x86_64-mingw32/nios2-elf/lib/mno-hw-mul\libc.a(lib_a-memcpy.o)
 .debug_ranges  0x0000000000000030       0x28 ../Rs232Comm_bsp/\libhal_bsp.a(alt_irq_entry.o)
 .debug_ranges  0x0000000000000058       0x10 ../Rs232Comm_bsp/\libhal_bsp.a(alt_irq_handler.o)
 .debug_ranges  0x0000000000000068       0x30 ../Rs232Comm_bsp/\libhal_bsp.a(alt_exception_entry.o)
 .debug_ranges  0x0000000000000098       0x18 ../Rs232Comm_bsp/\libhal_bsp.a(alt_instruction_exception_entry.o)
 .debug_ranges  0x00000000000000b0       0x10 c:/intelfpga/17.1/nios2eds/bin/gnu/h-x86_64-mingw32/bin/../lib/gcc/nios2-elf/5.3.0/../../../../../H-x86_64-mingw32/nios2-elf/lib/mno-hw-mul\libc.a(lib_a-atexit.o)
 .debug_ranges  0x00000000000000c0       0x10 c:/intelfpga/17.1/nios2eds/bin/gnu/h-x86_64-mingw32/bin/../lib/gcc/nios2-elf/5.3.0/../../../../../H-x86_64-mingw32/nios2-elf/lib/mno-hw-mul\libc.a(lib_a-exit.o)
 .debug_ranges  0x00000000000000d0       0x10 c:/intelfpga/17.1/nios2eds/bin/gnu/h-x86_64-mingw32/bin/../lib/gcc/nios2-elf/5.3.0/../../../../../H-x86_64-mingw32/nios2-elf/lib/mno-hw-mul\libc.a(lib_a-memcmp.o)
 .debug_ranges  0x00000000000000e0       0x10 c:/intelfpga/17.1/nios2eds/bin/gnu/h-x86_64-mingw32/bin/../lib/gcc/nios2-elf/5.3.0/../../../../../H-x86_64-mingw32/nios2-elf/lib/mno-hw-mul\libc.a(lib_a-strlen.o)
 .debug_ranges  0x00000000000000f0       0x10 c:/intelfpga/17.1/nios2eds/bin/gnu/h-x86_64-mingw32/bin/../lib/gcc/nios2-elf/5.3.0/../../../../../H-x86_64-mingw32/nios2-elf/lib/mno-hw-mul\libc.a(lib_a-__atexit.o)
 .debug_ranges  0x0000000000000100       0x30 c:/intelfpga/17.1/nios2eds/bin/gnu/h-x86_64-mingw32/bin/../lib/gcc/nios2-elf/5.3.0/../../../../../H-x86_64-mingw32/nios2-elf/lib/mno-hw-mul\libc.a(lib_a-__call_atexit.o)
